Archive member included to satisfy reference by file (symbol)

D:/ST/STM32CubeIDE_2.0.0/STM32CubeIDE/plugins/com.st.stm32cube.ide.mcu.externaltools.gnu-tools-for-stm32.13.3.rel1.win32_1.0.100.202509120712/tools/bin/../lib/gcc/arm-none-eabi/13.3.1/../../../../arm-none-eabi/lib/thumb/v7e-m+dp/hard\libc_nano.a(libc_a-exit.o)
                              D:/ST/STM32CubeIDE_2.0.0/STM32CubeIDE/plugins/com.st.stm32cube.ide.mcu.externaltools.gnu-tools-for-stm32.13.3.rel1.win32_1.0.100.202509120712/tools/bin/../lib/gcc/arm-none-eabi/13.3.1/../../../../arm-none-eabi/lib/thumb/v7e-m+dp/hard/crt0.o (exit)
D:/ST/STM32CubeIDE_2.0.0/STM32CubeIDE/plugins/com.st.stm32cube.ide.mcu.externaltools.gnu-tools-for-stm32.13.3.rel1.win32_1.0.100.202509120712/tools/bin/../lib/gcc/arm-none-eabi/13.3.1/../../../../arm-none-eabi/lib/thumb/v7e-m+dp/hard\libc_nano.a(libc_a-findfp.o)
                              D:/ST/STM32CubeIDE_2.0.0/STM32CubeIDE/plugins/com.st.stm32cube.ide.mcu.externaltools.gnu-tools-for-stm32.13.3.rel1.win32_1.0.100.202509120712/tools/bin/../lib/gcc/arm-none-eabi/13.3.1/../../../../arm-none-eabi/lib/thumb/v7e-m+dp/hard\libc_nano.a(libc_a-exit.o) (__stdio_exit_handler)
D:/ST/STM32CubeIDE_2.0.0/STM32CubeIDE/plugins/com.st.stm32cube.ide.mcu.externaltools.gnu-tools-for-stm32.13.3.rel1.win32_1.0.100.202509120712/tools/bin/../lib/gcc/arm-none-eabi/13.3.1/../../../../arm-none-eabi/lib/thumb/v7e-m+dp/hard\libc_nano.a(libc_a-fwalk.o)
                              D:/ST/STM32CubeIDE_2.0.0/STM32CubeIDE/plugins/com.st.stm32cube.ide.mcu.externaltools.gnu-tools-for-stm32.13.3.rel1.win32_1.0.100.202509120712/tools/bin/../lib/gcc/arm-none-eabi/13.3.1/../../../../arm-none-eabi/lib/thumb/v7e-m+dp/hard\libc_nano.a(libc_a-findfp.o) (_fwalk_sglue)
D:/ST/STM32CubeIDE_2.0.0/STM32CubeIDE/plugins/com.st.stm32cube.ide.mcu.externaltools.gnu-tools-for-stm32.13.3.rel1.win32_1.0.100.202509120712/tools/bin/../lib/gcc/arm-none-eabi/13.3.1/../../../../arm-none-eabi/lib/thumb/v7e-m+dp/hard\libc_nano.a(libc_a-stdio.o)
                              D:/ST/STM32CubeIDE_2.0.0/STM32CubeIDE/plugins/com.st.stm32cube.ide.mcu.externaltools.gnu-tools-for-stm32.13.3.rel1.win32_1.0.100.202509120712/tools/bin/../lib/gcc/arm-none-eabi/13.3.1/../../../../arm-none-eabi/lib/thumb/v7e-m+dp/hard\libc_nano.a(libc_a-findfp.o) (__sread)
D:/ST/STM32CubeIDE_2.0.0/STM32CubeIDE/plugins/com.st.stm32cube.ide.mcu.externaltools.gnu-tools-for-stm32.13.3.rel1.win32_1.0.100.202509120712/tools/bin/../lib/gcc/arm-none-eabi/13.3.1/../../../../arm-none-eabi/lib/thumb/v7e-m+dp/hard\libc_nano.a(libc_a-vsnprintf.o)
                              ./User/Usart_driver/usart_log.o (vsnprintf)
D:/ST/STM32CubeIDE_2.0.0/STM32CubeIDE/plugins/com.st.stm32cube.ide.mcu.externaltools.gnu-tools-for-stm32.13.3.rel1.win32_1.0.100.202509120712/tools/bin/../lib/gcc/arm-none-eabi/13.3.1/../../../../arm-none-eabi/lib/thumb/v7e-m+dp/hard\libc_nano.a(libc_a-memset.o)
                              D:/ST/STM32CubeIDE_2.0.0/STM32CubeIDE/plugins/com.st.stm32cube.ide.mcu.externaltools.gnu-tools-for-stm32.13.3.rel1.win32_1.0.100.202509120712/tools/bin/../lib/gcc/arm-none-eabi/13.3.1/../../../../arm-none-eabi/lib/thumb/v7e-m+dp/hard/crt0.o (memset)
D:/ST/STM32CubeIDE_2.0.0/STM32CubeIDE/plugins/com.st.stm32cube.ide.mcu.externaltools.gnu-tools-for-stm32.13.3.rel1.win32_1.0.100.202509120712/tools/bin/../lib/gcc/arm-none-eabi/13.3.1/../../../../arm-none-eabi/lib/thumb/v7e-m+dp/hard\libc_nano.a(libc_a-closer.o)
                              D:/ST/STM32CubeIDE_2.0.0/STM32CubeIDE/plugins/com.st.stm32cube.ide.mcu.externaltools.gnu-tools-for-stm32.13.3.rel1.win32_1.0.100.202509120712/tools/bin/../lib/gcc/arm-none-eabi/13.3.1/../../../../arm-none-eabi/lib/thumb/v7e-m+dp/hard\libc_nano.a(libc_a-stdio.o) (_close_r)
D:/ST/STM32CubeIDE_2.0.0/STM32CubeIDE/plugins/com.st.stm32cube.ide.mcu.externaltools.gnu-tools-for-stm32.13.3.rel1.win32_1.0.100.202509120712/tools/bin/../lib/gcc/arm-none-eabi/13.3.1/../../../../arm-none-eabi/lib/thumb/v7e-m+dp/hard\libc_nano.a(libc_a-reent.o)
                              D:/ST/STM32CubeIDE_2.0.0/STM32CubeIDE/plugins/com.st.stm32cube.ide.mcu.externaltools.gnu-tools-for-stm32.13.3.rel1.win32_1.0.100.202509120712/tools/bin/../lib/gcc/arm-none-eabi/13.3.1/../../../../arm-none-eabi/lib/thumb/v7e-m+dp/hard\libc_nano.a(libc_a-closer.o) (errno)
D:/ST/STM32CubeIDE_2.0.0/STM32CubeIDE/plugins/com.st.stm32cube.ide.mcu.externaltools.gnu-tools-for-stm32.13.3.rel1.win32_1.0.100.202509120712/tools/bin/../lib/gcc/arm-none-eabi/13.3.1/../../../../arm-none-eabi/lib/thumb/v7e-m+dp/hard\libc_nano.a(libc_a-impure.o)
                              D:/ST/STM32CubeIDE_2.0.0/STM32CubeIDE/plugins/com.st.stm32cube.ide.mcu.externaltools.gnu-tools-for-stm32.13.3.rel1.win32_1.0.100.202509120712/tools/bin/../lib/gcc/arm-none-eabi/13.3.1/../../../../arm-none-eabi/lib/thumb/v7e-m+dp/hard\libc_nano.a(libc_a-vsnprintf.o) (_impure_ptr)
[...]
Memory Configuration

Name             Origin             Length             Attributes
ITCMRAM          0x00000000         0x00010000         xrw
DTCMRAM          0x20000000         0x00020000         xrw
FLASH            0x08000000         0x00100000         xr
RAM_D1           0x24000000         0x00050000         xrw
RAM_D2           0x30000000         0x00008000         xrw
RAM_D3           0x38000000         0x00004000         xrw
*default*        0x00000000         0xffffffff

Linker script and memory map

LOAD D:/ST/STM32CubeIDE_2.0.0/STM32CubeIDE/plugins/com.st.stm32cube.ide.mcu.externaltools.gnu-tools-for-stm32.13.3.rel1.win32_1.0.100.202509120712/tools/bin/../lib/gcc/arm-none-eabi/13.3.1/thumb/v7e-m+dp/hard/crti.o
LOAD D:/ST/STM32CubeIDE_2.0.0/STM32CubeIDE/plugins/com.st.stm32cube.ide.mcu.externaltools.gnu-tools-for-stm32.13.3.rel1.win32_1.0.100.202509120712/tools/bin/../lib/gcc/arm-none-eabi/13.3.1/thumb/v7e-m+dp/hard/crtbegin.o
LOAD D:/ST/STM32CubeIDE_2.0.0/STM32CubeIDE/plugins/com.st.stm32cube.ide.mcu.externaltools.gnu-tools-for-stm32.13.3.rel1.win32_1.0.100.202509120712/tools/bin/../lib/gcc/arm-none-eabi/13.3.1/../../../../arm-none-eabi/lib/thumb/v7e-m+dp/hard/crt0.o
LOAD ./Core/Src/dma.o
LOAD ./Core/Src/fdcan.o
LOAD ./Core/Src/gpio.o
LOAD ./Core/Src/iwdg.o
LOAD ./Core/Src/main.o
LOAD ./Core/Src/memorymap.o
LOAD ./Core/Src/stm32h7xx_hal_msp.o
LOAD ./Core/Src/stm32h7xx_it.o
LOAD ./Core/Src/syscalls.o
LOAD ./Core/Src/sysmem.o
LOAD ./Core/Src/system_stm32h7xx.o
LOAD ./Core/Src/tim.o
LOAD ./Core/Src/usart.o
LOAD ./Core/Startup/startup_stm32h723vgtx.o
LOAD ./Drivers/STM32H7xx_HAL_Driver/Src/stm32h7xx_hal.o
LOAD ./Drivers/STM32H7xx_HAL_Driver/Src/stm32h7xx_hal_cortex.o
LOAD ./Drivers/STM32H7xx_HAL_Driver/Src/stm32h7xx_hal_dma.o
LOAD ./Drivers/STM32H7xx_HAL_Driver/Src/stm32h7xx_hal_dma_ex.o
LOAD ./Drivers/STM32H7xx_HAL_Driver/Src/stm32h7xx_hal_exti.o
LOAD ./Drivers/STM32H7xx_HAL_Driver/Src/stm32h7xx_hal_fdcan.o
LOAD ./Drivers/STM32H7xx_HAL_Driver/Src/stm32h7xx_hal_flash.o
LOAD ./Drivers/STM32H7xx_HAL_Driver/Src/stm32h7xx_hal_flash_ex.o
LOAD ./Drivers/STM32H7xx_HAL_Driver/Src/stm32h7xx_hal_gpio.o
LOAD ./Drivers/STM32H7xx_HAL_Driver/Src/stm32h7xx_hal_hsem.o
LOAD ./Drivers/STM32H7xx_HAL_Driver/Src/stm32h7xx_hal_i2c.o
LOAD ./Drivers/STM32H7xx_HAL_Driver/Src/stm32h7xx_hal_i2c_ex.o
LOAD ./Drivers/STM32H7xx_HAL_Driver/Src/stm32h7xx_hal_iwdg.o
LOAD ./Drivers/STM32H7xx_HAL_Driver/Src/stm32h7xx_hal_mdma.o
LOAD ./Drivers/STM32H7xx_HAL_Driver/Src/stm32h7xx_hal_pwr.o
LOAD ./Drivers/STM32H7xx_HAL_Driver/Src/stm32h7xx_hal_pwr_ex.o
LOAD ./Drivers/STM32H7xx_HAL_Driver/Src/stm32h7xx_hal_rcc.o
LOAD ./Drivers/STM32H7xx_HAL_Driver/Src/stm32h7xx_hal_rcc_ex.o
LOAD ./Drivers/STM32H7xx_HAL_Driver/Src/stm32h7xx_hal_tim.o
LOAD ./Drivers/STM32H7xx_HAL_Driver/Src/stm32h7xx_hal_tim_ex.o
LOAD ./Drivers/STM32H7xx_HAL_Driver/Src/stm32h7xx_hal_uart.o
LOAD ./Drivers/STM32H7xx_HAL_Driver/Src/stm32h7xx_hal_uart_ex.o
LOAD ./User/Pcan_driver/can.o
LOAD ./User/Usart_driver/usart_log.o
LOAD ./User/User.o
START GROUP
LOAD D:/ST/STM32CubeIDE_2.0.0/STM32CubeIDE/plugins/com.st.stm32cube.ide.mcu.externaltools.gnu-tools-for-stm32.13.3.rel1.win32_1.0.100.202509120712/tools/bin/../lib/gcc/arm-none-eabi/13.3.1/../../../../arm-none-eabi/lib/thumb/v7e-m+dp/hard\libc_nano.a
LOAD D:/ST/STM32CubeIDE_2.0.0/STM32CubeIDE/plugins/com.st.stm32cube.ide.mcu.externaltools.gnu-tools-for-stm32.13.3.rel1.win32_1.0.100.202509120712/tools/bin/../lib/gcc/arm-none-eabi/13.3.1/../../../../arm-none-eabi/lib/thumb/v7e-m+dp/hard\libm.a
END GROUP
START GROUP
LOAD D:/ST/STM32CubeIDE_2.0.0/STM32CubeIDE/plugins/com.st.stm32cube.ide.mcu.externaltools.gnu-tools-for-stm32.13.3.rel1.win32_1.0.100.202509120712/tools/bin/../lib/gcc/arm-none-eabi/13.3.1/thumb/v7e-m+dp/hard\libgcc.a
LOAD D:/ST/STM32CubeIDE_2.0.0/STM32CubeIDE/plugins/com.st.stm32cube.ide.mcu.externaltools.gnu-tools-for-stm32.13.3.rel1.win32_1.0.100.202509120712/tools/bin/../lib/gcc/arm-none-eabi/13.3.1/../../../../arm-none-eabi/lib/thumb/v7e-m+dp/hard\libc_nano.a
END GROUP
START GROUP
LOAD D:/ST/STM32CubeIDE_2.0.0/STM32CubeIDE/plugins/com.st.stm32cube.ide.mcu.externaltools.gnu-tools-for-stm32.13.3.rel1.win32_1.0.100.202509120712/tools/bin/../lib/gcc/arm-none-eabi/13.3.1/thumb/v7e-m+dp/hard\libgcc.a
LOAD D:/ST/STM32CubeIDE_2.0.0/STM32CubeIDE/plugins/com.st.stm32cube.ide.mcu.externaltools.gnu-tools-for-stm32.13.3.rel1.win32_1.0.100.202509120712/tools/bin/../lib/gcc/arm-none-eabi/13.3.1/../../../../arm-none-eabi/lib/thumb/v7e-m+dp/hard\libc_nano.a
LOAD D:/ST/STM32CubeIDE_2.0.0/STM32CubeIDE/plugins/com.st.stm32cube.ide.mcu.externaltools.gnu-tools-for-stm32.13.3.rel1.win32_1.0.100.202509120712/tools/bin/../lib/gcc/arm-none-eabi/13.3.1/../../../../arm-none-eabi/lib/thumb/v7e-m+dp/hard\libnosys.a
END GROUP
START GROUP
LOAD D:/ST/STM32CubeIDE_2.0.0/STM32CubeIDE/plugins/com.st.stm32cube.ide.mcu.externaltools.gnu-tools-for-stm32.13.3.rel1.win32_1.0.100.202509120712/tools/bin/../lib/gcc/arm-none-eabi/13.3.1/thumb/v7e-m+dp/hard\libgcc.a
LOAD D:/ST/STM32CubeIDE_2.0.0/STM32CubeIDE/plugins/com.st.stm32cube.ide.mcu.externaltools.gnu-tools-for-stm32.13.3.rel1.win32_1.0.100.202509120712/tools/bin/../lib/gcc/arm-none-eabi/13.3.1/../../../../arm-none-eabi/lib/thumb/v7e-m+dp/hard\libc_nano.a
LOAD D:/ST/STM32CubeIDE_2.0.0/STM32CubeIDE/plugins/com.st.stm32cube.ide.mcu.externaltools.gnu-tools-for-stm32.13.3.rel1.win32_1.0.100.202509120712/tools/bin/../lib/gcc/arm-none-eabi/13.3.1/../../../../arm-none-eabi/lib/thumb/v7e-m+dp/hard\libnosys.a
END GROUP
LOAD D:/ST/STM32CubeIDE_2.0.0/STM32CubeIDE/plugins/com.st.stm32cube.ide.mcu.externaltools.gnu-tools-for-stm32.13.3.rel1.win32_1.0.100.202509120712/tools/bin/../lib/gcc/arm-none-eabi/13.3.1/thumb/v7e-m+dp/hard/crtend.o
LOAD D:/ST/STM32CubeIDE_2.0.0/STM32CubeIDE/plugins/com.st.stm32cube.ide.mcu.externaltools.gnu-tools-for-stm32.13.3.rel1.win32_1.0.100.202509120712/tools/bin/../lib/gcc/arm-none-eabi/13.3.1/thumb/v7e-m+dp/hard/crtn.o
                0x24050000                        _estack = (ORIGIN (RAM_D1) + LENGTH (RAM_D1))
                0x00000200                        _Min_Heap_Size = 0x200
                0x00000400                        _Min_Stack_Size = 0x400

.isr_vector     0x08000000      0x2cc
                0x08000000                        . = ALIGN (0x4)
 *(.isr_vector)
 .isr_vector    0x08000000      0x2cc ./Core/Startup/startup_stm32h723vgtx.o
                0x08000000                g_pfnVectors
                0x080002cc                        . = ALIGN (0x4)

.text           0x080002cc     0xa0a8
                0x080002cc                        . = ALIGN (0x4)
 *(.text)
 .text          0x080002cc       0x40 D:/ST/STM32CubeIDE_2.0.0/STM32CubeIDE/plugins/com.st.stm32cube.ide.mcu.externaltools.gnu-tools-for-stm32.13.3.rel1.win32_1.0.100.202509120712/tools/bin/../lib/gcc/arm-none-eabi/13.3.1/thumb/v7e-m+dp/hard/crtbegin.o
 .text          0x0800030c       0x30 D:/ST/STM32CubeIDE_2.0.0/STM32CubeIDE/plugins/com.st.stm32cube.ide.mcu.externaltools.gnu-tools-for-stm32.13.3.rel1.win32_1.0.100.202509120712/tools/bin/../lib/gcc/arm-none-eabi/13.3.1/thumb/v7e-m+dp/hard\libgcc.a(_aeabi_uldivmod.o)
                0x0800030c                __aeabi_uldivmod
 .text          0x0800033c      0x2f8 D:/ST/STM32CubeIDE_2.0.0/STM32CubeIDE/plugins/com.st.stm32cube.ide.mcu.externaltools.gnu-tools-for-stm32.13.3.rel1.win32_1.0.100.202509120712/tools/bin/../lib/gcc/arm-none-eabi/13.3.1/thumb/v7e-m+dp/hard\libgcc.a(_udivmoddi4.o)
                0x0800033c                __udivmoddi4
 .text          0x08000634        0x4 D:/ST/STM32CubeIDE_2.0.0/STM32CubeIDE/plugins/com.st.stm32cube.ide.mcu.externaltools.gnu-tools-for-stm32.13.3.rel1.win32_1.0.100.202509120712/tools/bin/../lib/gcc/arm-none-eabi/13.3.1/thumb/v7e-m+dp/hard\libgcc.a(_dvmd_tls.o)
                0x08000634                __aeabi_idiv0
                0x08000634                __aeabi_ldiv0
 *(.text*)
 .text.MX_DMA_Init
                0x08000638       0x50 ./Core/Src/dma.o
                0x08000638                MX_DMA_Init
 .text.MX_FDCAN1_Init
                0x08000688       0xc8 ./Core/Src/fdcan.o
                0x08000688                MX_FDCAN1_Init
 .text.MX_FDCAN2_Init
                0x08000750       0xc8 ./Core/Src/fdcan.o
                0x08000750                MX_FDCAN2_Init
 .text.HAL_FDCAN_MspInit
                0x08000818      0x14c ./Core/Src/fdcan.o
                0x08000818                HAL_FDCAN_MspInit
 .text.MX_GPIO_Init
                0x08000964       0x90 ./Core/Src/gpio.o
                0x08000964                MX_GPIO_Init
 .text.MX_IWDG1_Init
                0x080009f4       0x3c ./Core/Src/iwdg.o
                0x080009f4                MX_IWDG1_Init
 .text.main     0x08000a30       0x38 ./Core/Src/main.o
                0x08000a30                main
 .text.SystemClock_Config
                0x08000a68       0xe0 ./Core/Src/main.o
                0x08000a68                SystemClock_Config
 .text.PeriphCommonClock_Config
                0x08000b48       0x5e ./Core/Src/main.o
                0x08000b48                PeriphCommonClock_Config
 .text.MPU_Config
                0x08000ba6       0x58 ./Core/Src/main.o
 .text.Error_Handler
                0x08000bfe        0xc ./Core/Src/main.o
                0x08000bfe                Error_Handler
 *fill*         0x08000c0a        0x2 
 .text.HAL_MspInit
                0x08000c0c       0x34 ./Core/Src/stm32h7xx_hal_msp.o
                0x08000c0c                HAL_MspInit
 .text.NMI_Handler
                0x08000c40        0x8 ./Core/Src/stm32h7xx_it.o
                0x08000c40                NMI_Handler
 .text.HardFault_Handler
                0x08000c48        0x8 ./Core/Src/stm32h7xx_it.o
                0x08000c48                HardFault_Handler
 .text.MemManage_Handler
                0x08000c50        0x8 ./Core/Src/stm32h7xx_it.o
                0x08000c50                MemManage_Handler
 .text.BusFault_Handler
                0x08000c58        0x8 ./Core/Src/stm32h7xx_it.o
                0x08000c58                BusFault_Handler
 .text.UsageFault_Handler
                0x08000c60        0x8 ./Core/Src/stm32h7xx_it.o
                0x08000c60                UsageFault_Handler
 .text.SVC_Handler
                0x08000c68        0xe ./Core/Src/stm32h7xx_it.o
                0x08000c68                SVC_Handler
 .text.DebugMon_Handler
                0x08000c76        0xe ./Core/Src/stm32h7xx_it.o
                0x08000c76                DebugMon_Handler
 .text.PendSV_Handler
                0x08000c84        0xe ./Core/Src/stm32h7xx_it.o
                0x08000c84                PendSV_Handler
 .text.SysTick_Handler
                0x08000c92        0xc ./Core/Src/stm32h7xx_it.o
                0x08000c92                SysTick_Handler
 *fill*         0x08000c9e        0x2 
 .text.DMA1_Stream0_IRQHandler
                0x08000ca0       0x14 ./Core/Src/stm32h7xx_it.o
                0x08000ca0                DMA1_Stream0_IRQHandler
 .text.DMA1_Stream1_IRQHandler
                0x08000cb4       0x14 ./Core/Src/stm32h7xx_it.o
                0x08000cb4                DMA1_Stream1_IRQHandler
 .text.FDCAN1_IT0_IRQHandler
                0x08000cc8       0x14 ./Core/Src/stm32h7xx_it.o
                0x08000cc8                FDCAN1_IT0_IRQHandler
 .text.FDCAN2_IT0_IRQHandler
                0x08000cdc       0x14 ./Core/Src/stm32h7xx_it.o
                0x08000cdc                FDCAN2_IT0_IRQHandler
 .text.USART1_IRQHandler
                0x08000cf0       0x14 ./Core/Src/stm32h7xx_it.o
                0x08000cf0                USART1_IRQHandler
 .text.TIM16_IRQHandler
                0x08000d04       0x14 ./Core/Src/stm32h7xx_it.o
                0x08000d04                TIM16_IRQHandler
 .text.SystemInit
                0x08000d18      0x120 ./Core/Src/system_stm32h7xx.o
                0x08000d18                SystemInit
 .text.ExitRun0Mode
                0x08000e38       0x30 ./Core/Src/system_stm32h7xx.o
                0x08000e38                ExitRun0Mode
 .text.MX_TIM16_Init
                0x08000e68       0x4c ./Core/Src/tim.o
                0x08000e68                MX_TIM16_Init
 .text.HAL_TIM_Base_MspInit
                0x08000eb4       0x50 ./Core/Src/tim.o
                0x08000eb4                HAL_TIM_Base_MspInit
 .text.MX_USART1_UART_Init
                0x08000f04       0x98 ./Core/Src/usart.o
                0x08000f04                MX_USART1_UART_Init
 .text.HAL_UART_MspInit
                0x08000f9c      0x1ac ./Core/Src/usart.o
                0x08000f9c                HAL_UART_MspInit
 .text.Reset_Handler
                0x08001148       0x54 ./Core/Startup/startup_stm32h723vgtx.o
                0x08001148                Reset_Handler
 .text.Default_Handler
                0x0800119c        0x2 ./Core/Startup/startup_stm32h723vgtx.o
                0x0800119c                RTC_Alarm_IRQHandler
                0x0800119c                EXTI2_IRQHandler
                0x0800119c                TIM8_CC_IRQHandler
                0x0800119c                UART8_IRQHandler
                0x0800119c                SPI4_IRQHandler
                0x0800119c                FDCAN3_IT0_IRQHandler
                0x0800119c                TIM1_CC_IRQHandler
                0x0800119c                BDMA_Channel6_IRQHandler
                0x0800119c                DMA2_Stream5_IRQHandler
                0x0800119c                DMA1_Stream5_IRQHandler
                0x0800119c                CORDIC_IRQHandler
                0x0800119c                BDMA_Channel1_IRQHandler
                0x0800119c                TAMP_STAMP_IRQHandler
                0x0800119c                EXTI3_IRQHandler
                0x0800119c                LPTIM4_IRQHandler
                0x0800119c                TIM8_TRG_COM_TIM14_IRQHandler
                0x0800119c                LPTIM2_IRQHandler
                0x0800119c                DFSDM1_FLT1_IRQHandler
                0x0800119c                DMAMUX2_OVR_IRQHandler
                0x0800119c                TIM8_UP_TIM13_IRQHandler
                0x0800119c                I2C3_ER_IRQHandler
                0x0800119c                DFSDM1_FLT2_IRQHandler
                0x0800119c                I2C5_EV_IRQHandler
                0x0800119c                USART10_IRQHandler
                0x0800119c                MDMA_IRQHandler
                0x0800119c                LPTIM3_IRQHandler
                0x0800119c                HSEM1_IRQHandler
                0x0800119c                EXTI0_IRQHandler
                0x0800119c                I2C2_EV_IRQHandler
                0x0800119c                DMA1_Stream2_IRQHandler
                0x0800119c                FPU_IRQHandler
                0x0800119c                OTG_HS_WKUP_IRQHandler
                0x0800119c                FDCAN1_IT1_IRQHandler
                0x0800119c                LTDC_ER_IRQHandler
                0x0800119c                DMA2_Stream2_IRQHandler
                0x0800119c                SPI1_IRQHandler
                0x0800119c                OCTOSPI1_IRQHandler
                0x0800119c                TIM6_DAC_IRQHandler
                0x0800119c                DMA2_Stream3_IRQHandler
                0x0800119c                OCTOSPI2_IRQHandler
                0x0800119c                DFSDM1_FLT3_IRQHandler
                0x0800119c                TIM23_IRQHandler
                0x0800119c                USART6_IRQHandler
                0x0800119c                TIM17_IRQHandler
                0x0800119c                USART3_IRQHandler
                0x0800119c                BDMA_Channel7_IRQHandler
                0x0800119c                LPTIM5_IRQHandler
                0x0800119c                UART5_IRQHandler
                0x0800119c                ADC3_IRQHandler
                0x0800119c                DMA2_Stream0_IRQHandler
                0x0800119c                TIM4_IRQHandler
                0x0800119c                BDMA_Channel2_IRQHandler
                0x0800119c                I2C1_EV_IRQHandler
                0x0800119c                DMA1_Stream6_IRQHandler
                0x0800119c                DMAMUX1_OVR_IRQHandler
                0x0800119c                UART4_IRQHandler
                0x0800119c                BDMA_Channel5_IRQHandler
                0x0800119c                TIM3_IRQHandler
                0x0800119c                RCC_IRQHandler
                0x0800119c                UART9_IRQHandler
                0x0800119c                TIM8_BRK_TIM12_IRQHandler
                0x0800119c                TIM1_TRG_COM_IRQHandler
                0x0800119c                Default_Handler
                0x0800119c                ECC_IRQHandler
                0x0800119c                FMAC_IRQHandler
                0x0800119c                CEC_IRQHandler
                0x0800119c                EXTI15_10_IRQHandler
                0x0800119c                BDMA_Channel0_IRQHandler
                0x0800119c                ADC_IRQHandler
                0x0800119c                I2C5_ER_IRQHandler
                0x0800119c                DMA1_Stream7_IRQHandler
                0x0800119c                SPI5_IRQHandler
                0x0800119c                TIM7_IRQHandler
                0x0800119c                FDCAN3_IT1_IRQHandler
                0x0800119c                SDMMC1_IRQHandler
                0x0800119c                TIM5_IRQHandler
                0x0800119c                DMA2_Stream7_IRQHandler
                0x0800119c                TIM15_IRQHandler
                0x0800119c                PVD_AVD_IRQHandler
                0x0800119c                I2C3_EV_IRQHandler
                0x0800119c                EXTI9_5_IRQHandler
                0x0800119c                RTC_WKUP_IRQHandler
                0x0800119c                LTDC_IRQHandler
                0x0800119c                ETH_WKUP_IRQHandler
                0x0800119c                SPDIF_RX_IRQHandler
                0x0800119c                SPI2_IRQHandler
                0x0800119c                OTG_HS_EP1_IN_IRQHandler
                0x0800119c                TIM24_IRQHandler
                0x0800119c                CRS_IRQHandler
                0x0800119c                EXTI4_IRQHandler
                0x0800119c                RNG_IRQHandler
                0x0800119c                FDCAN2_IT1_IRQHandler
                0x0800119c                ETH_IRQHandler
                0x0800119c                TIM1_UP_IRQHandler
                0x0800119c                BDMA_Channel4_IRQHandler
                0x0800119c                OTG_HS_EP1_OUT_IRQHandler
                0x0800119c                WWDG_IRQHandler
                0x0800119c                SPI6_IRQHandler
                0x0800119c                MDIOS_IRQHandler
                0x0800119c                I2C4_EV_IRQHandler
                0x0800119c                LPUART1_IRQHandler
                0x0800119c                TIM2_IRQHandler
                0x0800119c                OTG_HS_IRQHandler
                0x0800119c                DMA2D_IRQHandler
                0x0800119c                TIM1_BRK_IRQHandler
                0x0800119c                EXTI1_IRQHandler
                0x0800119c                SDMMC2_IRQHandler
                0x0800119c                BDMA_Channel3_IRQHandler
                0x0800119c                DTS_IRQHandler
                0x0800119c                UART7_IRQHandler
                0x0800119c                MDIOS_WKUP_IRQHandler
                0x0800119c                USART2_IRQHandler
                0x0800119c                DFSDM1_FLT0_IRQHandler
                0x0800119c                SAI4_IRQHandler
                0x0800119c                I2C2_ER_IRQHandler
                0x0800119c                DMA2_Stream1_IRQHandler
                0x0800119c                FLASH_IRQHandler
                0x0800119c                DMA2_Stream4_IRQHandler
                0x0800119c                SPI3_IRQHandler
                0x0800119c                WAKEUP_PIN_IRQHandler
                0x0800119c                DMA1_Stream4_IRQHandler
                0x0800119c                I2C1_ER_IRQHandler
                0x0800119c                FMC_IRQHandler
                0x0800119c                FDCAN_CAL_IRQHandler
                0x0800119c                SWPMI1_IRQHandler
                0x0800119c                COMP1_IRQHandler
                0x0800119c                LPTIM1_IRQHandler
                0x0800119c                DCMI_PSSI_IRQHandler
                0x0800119c                I2C4_ER_IRQHandler
                0x0800119c                DMA2_Stream6_IRQHandler
                0x0800119c                SAI1_IRQHandler
                0x0800119c                DMA1_Stream3_IRQHandler
 *fill*         0x0800119e        0x2 
 .text.HAL_Init
                0x080011a0       0x78 ./Drivers/STM32H7xx_HAL_Driver/Src/stm32h7xx_hal.o
                0x080011a0                HAL_Init
 .text.HAL_InitTick
                0x08001218       0x6c ./Drivers/STM32H7xx_HAL_Driver/Src/stm32h7xx_hal.o
                0x08001218                HAL_InitTick
 .text.HAL_IncTick
                0x08001284       0x28 ./Drivers/STM32H7xx_HAL_Driver/Src/stm32h7xx_hal.o
                0x08001284                HAL_IncTick
 .text.HAL_GetTick
                0x080012ac       0x18 ./Drivers/STM32H7xx_HAL_Driver/Src/stm32h7xx_hal.o
                0x080012ac                HAL_GetTick
 .text.__NVIC_SetPriorityGrouping
                0x080012c4       0x48 ./Drivers/STM32H7xx_HAL_Driver/Src/stm32h7xx_hal_cortex.o
 .text.__NVIC_GetPriorityGrouping
                0x0800130c       0x1c ./Drivers/STM32H7xx_HAL_Driver/Src/stm32h7xx_hal_cortex.o
 .text.__NVIC_EnableIRQ
                0x08001328       0x3c ./Drivers/STM32H7xx_HAL_Driver/Src/stm32h7xx_hal_cortex.o
 .text.__NVIC_SetPriority
                0x08001364       0x54 ./Drivers/STM32H7xx_HAL_Driver/Src/stm32h7xx_hal_cortex.o
 .text.NVIC_EncodePriority
                0x080013b8       0x66 ./Drivers/STM32H7xx_HAL_Driver/Src/stm32h7xx_hal_cortex.o
 *fill*         0x0800141e        0x2 
 .text.SysTick_Config
                0x08001420       0x44 ./Drivers/STM32H7xx_HAL_Driver/Src/stm32h7xx_hal_cortex.o
 .text.HAL_NVIC_SetPriorityGrouping
                0x08001464       0x16 ./Drivers/STM32H7xx_HAL_Driver/Src/stm32h7xx_hal_cortex.o
                0x08001464                HAL_NVIC_SetPriorityGrouping
 .text.HAL_NVIC_SetPriority
                0x0800147a       0x34 ./Drivers/STM32H7xx_HAL_Driver/Src/stm32h7xx_hal_cortex.o
                0x0800147a                HAL_NVIC_SetPriority
 .text.HAL_NVIC_EnableIRQ
                0x080014ae       0x1c ./Drivers/STM32H7xx_HAL_Driver/Src/stm32h7xx_hal_cortex.o
                0x080014ae                HAL_NVIC_EnableIRQ
 .text.HAL_SYSTICK_Config
                0x080014ca       0x18 ./Drivers/STM32H7xx_HAL_Driver/Src/stm32h7xx_hal_cortex.o
                0x080014ca                HAL_SYSTICK_Config
 *fill*         0x080014e2        0x2 
 .text.HAL_MPU_Disable
                0x080014e4       0x30 ./Drivers/STM32H7xx_HAL_Driver/Src/stm32h7xx_hal_cortex.o
                0x080014e4                HAL_MPU_Disable
 .text.HAL_MPU_Enable
                0x08001514       0x40 ./Drivers/STM32H7xx_HAL_Driver/Src/stm32h7xx_hal_cortex.o
                0x08001514                HAL_MPU_Enable
 .text.HAL_MPU_ConfigRegion
                0x08001554       0x80 ./Drivers/STM32H7xx_HAL_Driver/Src/stm32h7xx_hal_cortex.o
                0x08001554                HAL_MPU_ConfigRegion
 .text.HAL_DMA_Init
                0x080015d4      0x6b0 ./Drivers/STM32H7xx_HAL_Driver/Src/stm32h7xx_hal_dma.o
                0x080015d4                HAL_DMA_Init
 .text.HAL_DMA_Abort
                0x08001c84      0x63c ./Drivers/STM32H7xx_HAL_Driver/Src/stm32h7xx_hal_dma.o
                0x08001c84                HAL_DMA_Abort
 .text.HAL_DMA_Abort_IT
                0x080022c0      0x48c ./Drivers/STM32H7xx_HAL_Driver/Src/stm32h7xx_hal_dma.o
                0x080022c0                HAL_DMA_Abort_IT
 .text.HAL_DMA_IRQHandler
                0x0800274c      0xe54 ./Drivers/STM32H7xx_HAL_Driver/Src/stm32h7xx_hal_dma.o
                0x0800274c                HAL_DMA_IRQHandler
 .text.DMA_CalcBaseAndBitshift
                0x080035a0      0x164 ./Drivers/STM32H7xx_HAL_Driver/Src/stm32h7xx_hal_dma.o
 .text.DMA_CheckFifoParam
                0x08003704       0xf8 ./Drivers/STM32H7xx_HAL_Driver/Src/stm32h7xx_hal_dma.o
 .text.DMA_CalcDMAMUXChannelBaseAndMask
                0x080037fc      0x134 ./Drivers/STM32H7xx_HAL_Driver/Src/stm32h7xx_hal_dma.o
 .text.DMA_CalcDMAMUXRequestGenBaseAndMask
                0x08003930       0xe8 ./Drivers/STM32H7xx_HAL_Driver/Src/stm32h7xx_hal_dma.o
 .text.HAL_FDCAN_Init
                0x08003a18      0x3bc ./Drivers/STM32H7xx_HAL_Driver/Src/stm32h7xx_hal_fdcan.o
                0x08003a18                HAL_FDCAN_Init
 .text.HAL_FDCAN_ConfigFilter
                0x08003dd4       0xec ./Drivers/STM32H7xx_HAL_Driver/Src/stm32h7xx_hal_fdcan.o
                0x08003dd4                HAL_FDCAN_ConfigFilter
 .text.HAL_FDCAN_ConfigGlobalFilter
                0x08003ec0       0x5a ./Drivers/STM32H7xx_HAL_Driver/Src/stm32h7xx_hal_fdcan.o
                0x08003ec0                HAL_FDCAN_ConfigGlobalFilter
 .text.HAL_FDCAN_Start
                0x08003f1a       0x56 ./Drivers/STM32H7xx_HAL_Driver/Src/stm32h7xx_hal_fdcan.o
                0x08003f1a                HAL_FDCAN_Start
 .text.HAL_FDCAN_AddMessageToTxFifoQ
                0x08003f70       0xb6 ./Drivers/STM32H7xx_HAL_Driver/Src/stm32h7xx_hal_fdcan.o
                0x08003f70                HAL_FDCAN_AddMessageToTxFifoQ
 *fill*         0x08004026        0x2 
 .text.HAL_FDCAN_GetRxMessage
                0x08004028      0x2d8 ./Drivers/STM32H7xx_HAL_Driver/Src/stm32h7xx_hal_fdcan.o
                0x08004028                HAL_FDCAN_GetRxMessage
 .text.HAL_FDCAN_GetRxFifoFillLevel
                0x08004300       0x3c ./Drivers/STM32H7xx_HAL_Driver/Src/stm32h7xx_hal_fdcan.o
                0x08004300                HAL_FDCAN_GetRxFifoFillLevel
 .text.HAL_FDCAN_GetTxFifoFreeLevel
                0x0800433c       0x24 ./Drivers/STM32H7xx_HAL_Driver/Src/stm32h7xx_hal_fdcan.o
                0x0800433c                HAL_FDCAN_GetTxFifoFreeLevel
 .text.HAL_FDCAN_ActivateNotification
                0x08004360       0xf4 ./Drivers/STM32H7xx_HAL_Driver/Src/stm32h7xx_hal_fdcan.o
                0x08004360                HAL_FDCAN_ActivateNotification
 .text.HAL_FDCAN_IRQHandler
                0x08004454      0x4bc ./Drivers/STM32H7xx_HAL_Driver/Src/stm32h7xx_hal_fdcan.o
                0x08004454                HAL_FDCAN_IRQHandler
 .text.HAL_FDCAN_ClockCalibrationCallback
                0x08004910       0x16 ./Drivers/STM32H7xx_HAL_Driver/Src/stm32h7xx_hal_fdcan.o
                0x08004910                HAL_FDCAN_ClockCalibrationCallback
 .text.HAL_FDCAN_TxEventFifoCallback
                0x08004926       0x16 ./Drivers/STM32H7xx_HAL_Driver/Src/stm32h7xx_hal_fdcan.o
                0x08004926                HAL_FDCAN_TxEventFifoCallback
 .text.HAL_FDCAN_RxFifo0Callback
                0x0800493c       0x16 ./Drivers/STM32H7xx_HAL_Driver/Src/stm32h7xx_hal_fdcan.o
                0x0800493c                HAL_FDCAN_RxFifo0Callback
 .text.HAL_FDCAN_RxFifo1Callback
                0x08004952       0x16 ./Drivers/STM32H7xx_HAL_Driver/Src/stm32h7xx_hal_fdcan.o
                0x08004952                HAL_FDCAN_RxFifo1Callback
 .text.HAL_FDCAN_TxFifoEmptyCallback
                0x08004968       0x14 ./Drivers/STM32H7xx_HAL_Driver/Src/stm32h7xx_hal_fdcan.o
                0x08004968                HAL_FDCAN_TxFifoEmptyCallback
 .text.HAL_FDCAN_TxBufferCompleteCallback
                0x0800497c       0x16 ./Drivers/STM32H7xx_HAL_Driver/Src/stm32h7xx_hal_fdcan.o
                0x0800497c                HAL_FDCAN_TxBufferCompleteCallback
 .text.HAL_FDCAN_TxBufferAbortCallback
                0x08004992       0x16 ./Drivers/STM32H7xx_HAL_Driver/Src/stm32h7xx_hal_fdcan.o
                0x08004992                HAL_FDCAN_TxBufferAbortCallback
 .text.HAL_FDCAN_RxBufferNewMessageCallback
                0x080049a8       0x14 ./Drivers/STM32H7xx_HAL_Driver/Src/stm32h7xx_hal_fdcan.o
                0x080049a8                HAL_FDCAN_RxBufferNewMessageCallback
 .text.HAL_FDCAN_TimestampWraparoundCallback
                0x080049bc       0x14 ./Drivers/STM32H7xx_HAL_Driver/Src/stm32h7xx_hal_fdcan.o
                0x080049bc                HAL_FDCAN_TimestampWraparoundCallback
 .text.HAL_FDCAN_TimeoutOccurredCallback
                0x080049d0       0x14 ./Drivers/STM32H7xx_HAL_Driver/Src/stm32h7xx_hal_fdcan.o
                0x080049d0                HAL_FDCAN_TimeoutOccurredCallback
 .text.HAL_FDCAN_HighPriorityMessageCallback
                0x080049e4       0x14 ./Drivers/STM32H7xx_HAL_Driver/Src/stm32h7xx_hal_fdcan.o
                0x080049e4                HAL_FDCAN_HighPriorityMessageCallback
 .text.HAL_FDCAN_TT_ScheduleSyncCallback
                0x080049f8       0x16 ./Drivers/STM32H7xx_HAL_Driver/Src/stm32h7xx_hal_fdcan.o
                0x080049f8                HAL_FDCAN_TT_ScheduleSyncCallback
 .text.HAL_FDCAN_TT_TimeMarkCallback
                0x08004a0e       0x16 ./Drivers/STM32H7xx_HAL_Driver/Src/stm32h7xx_hal_fdcan.o
                0x08004a0e                HAL_FDCAN_TT_TimeMarkCallback
 .text.HAL_FDCAN_TT_StopWatchCallback
                0x08004a24       0x18 ./Drivers/STM32H7xx_HAL_Driver/Src/stm32h7xx_hal_fdcan.o
                0x08004a24                HAL_FDCAN_TT_StopWatchCallback
 .text.HAL_FDCAN_TT_GlobalTimeCallback
                0x08004a3c       0x16 ./Drivers/STM32H7xx_HAL_Driver/Src/stm32h7xx_hal_fdcan.o
                0x08004a3c                HAL_FDCAN_TT_GlobalTimeCallback
 *fill*         0x08004a52        0x2 
 .text.FDCAN_CalcultateRamBlockAddresses
                0x08004a54      0x30c ./Drivers/STM32H7xx_HAL_Driver/Src/stm32h7xx_hal_fdcan.o
 .text.FDCAN_CopyMessageToRAM
                0x08004d60       0xfc ./Drivers/STM32H7xx_HAL_Driver/Src/stm32h7xx_hal_fdcan.o
 .text.HAL_GPIO_Init
                0x08004e5c      0x350 ./Drivers/STM32H7xx_HAL_Driver/Src/stm32h7xx_hal_gpio.o
                0x08004e5c                HAL_GPIO_Init
 .text.HAL_IWDG_Init
                0x080051ac       0xa2 ./Drivers/STM32H7xx_HAL_Driver/Src/stm32h7xx_hal_iwdg.o
                0x080051ac                HAL_IWDG_Init
 *fill*         0x0800524e        0x2 
 .text.HAL_PWREx_ConfigSupply
                0x08005250       0x74 ./Drivers/STM32H7xx_HAL_Driver/Src/stm32h7xx_hal_pwr_ex.o
                0x08005250                HAL_PWREx_ConfigSupply
 .text.HAL_RCC_OscConfig
                0x080052c4      0x7b4 ./Drivers/STM32H7xx_HAL_Driver/Src/stm32h7xx_hal_rcc.o
                0x080052c4                HAL_RCC_OscConfig
 .text.HAL_RCC_ClockConfig
                0x08005a78      0x36c ./Drivers/STM32H7xx_HAL_Driver/Src/stm32h7xx_hal_rcc.o
                0x08005a78                HAL_RCC_ClockConfig
 .text.HAL_RCC_GetSysClockFreq
                0x08005de4      0x2f4 ./Drivers/STM32H7xx_HAL_Driver/Src/stm32h7xx_hal_rcc.o
                0x08005de4                HAL_RCC_GetSysClockFreq
 .text.HAL_RCC_GetHCLKFreq
                0x080060d8       0x60 ./Drivers/STM32H7xx_HAL_Driver/Src/stm32h7xx_hal_rcc.o
                0x080060d8                HAL_RCC_GetHCLKFreq
 .text.HAL_RCC_GetPCLK1Freq
                0x08006138       0x2c ./Drivers/STM32H7xx_HAL_Driver/Src/stm32h7xx_hal_rcc.o
                0x08006138                HAL_RCC_GetPCLK1Freq
 .text.HAL_RCC_GetPCLK2Freq
                0x08006164       0x2c ./Drivers/STM32H7xx_HAL_Driver/Src/stm32h7xx_hal_rcc.o
                0x08006164                HAL_RCC_GetPCLK2Freq
 .text.HAL_RCCEx_PeriphCLKConfig
                0x08006190     0x1340 ./Drivers/STM32H7xx_HAL_Driver/Src/stm32h7xx_hal_rcc_ex.o
                0x08006190                HAL_RCCEx_PeriphCLKConfig
 .text.HAL_RCCEx_GetD3PCLK1Freq
                0x080074d0       0x2c ./Drivers/STM32H7xx_HAL_Driver/Src/stm32h7xx_hal_rcc_ex.o
                0x080074d0                HAL_RCCEx_GetD3PCLK1Freq
 .text.HAL_RCCEx_GetPLL2ClockFreq
                0x080074fc      0x2a8 ./Drivers/STM32H7xx_HAL_Driver/Src/stm32h7xx_hal_rcc_ex.o
                0x080074fc                HAL_RCCEx_GetPLL2ClockFreq
 .text.HAL_RCCEx_GetPLL3ClockFreq
                0x080077a4      0x2a8 ./Drivers/STM32H7xx_HAL_Driver/Src/stm32h7xx_hal_rcc_ex.o
                0x080077a4                HAL_RCCEx_GetPLL3ClockFreq
 .text.RCCEx_PLL2_Config
                0x08007a4c      0x164 ./Drivers/STM32H7xx_HAL_Driver/Src/stm32h7xx_hal_rcc_ex.o
 .text.RCCEx_PLL3_Config
                0x08007bb0      0x164 ./Drivers/STM32H7xx_HAL_Driver/Src/stm32h7xx_hal_rcc_ex.o
 .text.HAL_TIM_Base_Init
                0x08007d14       0xae ./Drivers/STM32H7xx_HAL_Driver/Src/stm32h7xx_hal_tim.o
                0x08007d14                HAL_TIM_Base_Init
 .text.HAL_TIM_IRQHandler
                0x08007dc2      0x20e ./Drivers/STM32H7xx_HAL_Driver/Src/stm32h7xx_hal_tim.o
                0x08007dc2                HAL_TIM_IRQHandler
 .text.HAL_TIM_PeriodElapsedCallback
                0x08007fd0       0x14 ./Drivers/STM32H7xx_HAL_Driver/Src/stm32h7xx_hal_tim.o
                0x08007fd0                HAL_TIM_PeriodElapsedCallback
 .text.HAL_TIM_OC_DelayElapsedCallback
                0x08007fe4       0x14 ./Drivers/STM32H7xx_HAL_Driver/Src/stm32h7xx_hal_tim.o
                0x08007fe4                HAL_TIM_OC_DelayElapsedCallback
 .text.HAL_TIM_IC_CaptureCallback
                0x08007ff8       0x14 ./Drivers/STM32H7xx_HAL_Driver/Src/stm32h7xx_hal_tim.o
                0x08007ff8                HAL_TIM_IC_CaptureCallback
 .text.HAL_TIM_PWM_PulseFinishedCallback
                0x0800800c       0x14 ./Drivers/STM32H7xx_HAL_Driver/Src/stm32h7xx_hal_tim.o
                0x0800800c                HAL_TIM_PWM_PulseFinishedCallback
 .text.HAL_TIM_TriggerCallback
                0x08008020       0x14 ./Drivers/STM32H7xx_HAL_Driver/Src/stm32h7xx_hal_tim.o
                0x08008020                HAL_TIM_TriggerCallback
 .text.TIM_Base_SetConfig
                0x08008034      0x158 ./Drivers/STM32H7xx_HAL_Driver/Src/stm32h7xx_hal_tim.o
                0x08008034                TIM_Base_SetConfig
 .text.HAL_TIMEx_CommutCallback
                0x0800818c       0x14 ./Drivers/STM32H7xx_HAL_Driver/Src/stm32h7xx_hal_tim_ex.o
                0x0800818c                HAL_TIMEx_CommutCallback
 .text.HAL_TIMEx_BreakCallback
                0x080081a0       0x14 ./Drivers/STM32H7xx_HAL_Driver/Src/stm32h7xx_hal_tim_ex.o
                0x080081a0                HAL_TIMEx_BreakCallback
 .text.HAL_TIMEx_Break2Callback
                0x080081b4       0x14 ./Drivers/STM32H7xx_HAL_Driver/Src/stm32h7xx_hal_tim_ex.o
                0x080081b4                HAL_TIMEx_Break2Callback
 .text.HAL_UART_Init
                0x080081c8       0xa0 ./Drivers/STM32H7xx_HAL_Driver/Src/stm32h7xx_hal_uart.o
                0x080081c8                HAL_UART_Init
 .text.HAL_UART_IRQHandler
                0x08008268      0x7ac ./Drivers/STM32H7xx_HAL_Driver/Src/stm32h7xx_hal_uart.o
                0x08008268                HAL_UART_IRQHandler
 .text.HAL_UART_TxCpltCallback
                0x08008a14       0x14 ./Drivers/STM32H7xx_HAL_Driver/Src/stm32h7xx_hal_uart.o
                0x08008a14                HAL_UART_TxCpltCallback
 .text.HAL_UART_ErrorCallback
                0x08008a28       0x14 ./Drivers/STM32H7xx_HAL_Driver/Src/stm32h7xx_hal_uart.o
                0x08008a28                HAL_UART_ErrorCallback
 .text.HAL_UARTEx_RxEventCallback
                0x08008a3c       0x18 ./Drivers/STM32H7xx_HAL_Driver/Src/stm32h7xx_hal_uart.o
                0x08008a3c                HAL_UARTEx_RxEventCallback
 .text.UART_SetConfig
                0x08008a54      0xcd8 ./Drivers/STM32H7xx_HAL_Driver/Src/stm32h7xx_hal_uart.o
                0x08008a54                UART_SetConfig
 .text.UART_AdvFeatureConfig
                0x0800972c      0x144 ./Drivers/STM32H7xx_HAL_Driver/Src/stm32h7xx_hal_uart.o
                0x0800972c                UART_AdvFeatureConfig
 .text.UART_CheckIdleState
                0x08009870      0x154 ./Drivers/STM32H7xx_HAL_Driver/Src/stm32h7xx_hal_uart.o
                0x08009870                UART_CheckIdleState
 .text.UART_WaitOnFlagUntilTimeout
                0x080099c4       0xda ./Drivers/STM32H7xx_HAL_Driver/Src/stm32h7xx_hal_uart.o
                0x080099c4                UART_WaitOnFlagUntilTimeout
 *fill*         0x08009a9e        0x2 
 .text.UART_EndRxTransfer
                0x08009aa0       0xcc ./Drivers/STM32H7xx_HAL_Driver/Src/stm32h7xx_hal_uart.o
 .text.UART_DMAAbortOnError
                0x08009b6c       0x24 ./Drivers/STM32H7xx_HAL_Driver/Src/stm32h7xx_hal_uart.o
 .text.UART_EndTransmit_IT
                0x08009b90       0x56 ./Drivers/STM32H7xx_HAL_Driver/Src/stm32h7xx_hal_uart.o
 .text.HAL_UARTEx_WakeupCallback
                0x08009be6       0x14 ./Drivers/STM32H7xx_HAL_Driver/Src/stm32h7xx_hal_uart_ex.o
                0x08009be6                HAL_UARTEx_WakeupCallback
 .text.HAL_UARTEx_RxFifoFullCallback
                0x08009bfa       0x14 ./Drivers/STM32H7xx_HAL_Driver/Src/stm32h7xx_hal_uart_ex.o
                0x08009bfa                HAL_UARTEx_RxFifoFullCallback
 .text.HAL_UARTEx_TxFifoEmptyCallback
                0x08009c0e       0x14 ./Drivers/STM32H7xx_HAL_Driver/Src/stm32h7xx_hal_uart_ex.o
                0x08009c0e                HAL_UARTEx_TxFifoEmptyCallback
 .text.HAL_UARTEx_DisableFifoMode
                0x08009c22       0x72 ./Drivers/STM32H7xx_HAL_Driver/Src/stm32h7xx_hal_uart_ex.o
                0x08009c22                HAL_UARTEx_DisableFifoMode
 .text.HAL_UARTEx_SetTxFifoThreshold
                0x08009c94       0x7c ./Drivers/STM32H7xx_HAL_Driver/Src/stm32h7xx_hal_uart_ex.o
                0x08009c94                HAL_UARTEx_SetTxFifoThreshold
 .text.HAL_UARTEx_SetRxFifoThreshold
                0x08009d10       0x7c ./Drivers/STM32H7xx_HAL_Driver/Src/stm32h7xx_hal_uart_ex.o
                0x08009d10                HAL_UARTEx_SetRxFifoThreshold
 .text.UARTEx_SetNbDataToProcess
                0x08009d8c       0x9c ./Drivers/STM32H7xx_HAL_Driver/Src/stm32h7xx_hal_uart_ex.o
 .text.dlc_to_len
                0x08009e28       0x24 ./User/Pcan_driver/can.o
 .text.len_to_dlc
                0x08009e4c       0x68 ./User/Pcan_driver/can.o
 .text.can_rx_proc
                0x08009eb4      0x12c ./User/Pcan_driver/can.o
 .text.can_tx_proc
                0x08009fe0      0x190 ./User/Pcan_driver/can.o
 .text.can_process
                0x0800a170       0x1c ./User/Pcan_driver/can.o
                0x0800a170                can_process
 .text.HAL_FDCAN_ErrorStatusCallback
                0x0800a18c       0x16 ./User/Pcan_driver/can.o
                0x0800a18c                HAL_FDCAN_ErrorStatusCallback
 .text.HAL_FDCAN_ErrorCallback
                0x0800a1a2       0x14 ./User/Pcan_driver/can.o
                0x0800a1a2                HAL_FDCAN_ErrorCallback
 *fill*         0x0800a1b6        0x2 
 .text.BspFDCANInit
                0x0800a1b8      0x120 ./User/User.o
                0x0800a1b8                BspFDCANInit
 .text.User_main
                0x0800a2d8        0xe ./User/User.o
                0x0800a2d8                User_main
 .text.memset   0x0800a2e6       0x10 D:/ST/STM32CubeIDE_2.0.0/STM32CubeIDE/plugins/com.st.stm32cube.ide.mcu.externaltools.gnu-tools-for-stm32.13.3.rel1.win32_1.0.100.202509120712/tools/bin/../lib/gcc/arm-none-eabi/13.3.1/../../../../arm-none-eabi/lib/thumb/v7e-m+dp/hard\libc_nano.a(libc_a-memset.o)
                0x0800a2e6                memset
 *fill*         0x0800a2f6        0x2 
 .text.__libc_init_array
                0x0800a2f8       0x48 D:/ST/STM32CubeIDE_2.0.0/STM32CubeIDE/plugins/com.st.stm32cube.ide.mcu.externaltools.gnu-tools-for-stm32.13.3.rel1.win32_1.0.100.202509120712/tools/bin/../lib/gcc/arm-none-eabi/13.3.1/../../../../arm-none-eabi/lib/thumb/v7e-m+dp/hard\libc_nano.a(libc_a-init.o)
                0x0800a2f8                __libc_init_array
 .text.memcpy   0x0800a340       0x1c D:/ST/STM32CubeIDE_2.0.0/STM32CubeIDE/plugins/com.st.stm32cube.ide.mcu.externaltools.gnu-tools-for-stm32.13.3.rel1.win32_1.0.100.202509120712/tools/bin/../lib/gcc/arm-none-eabi/13.3.1/../../../../arm-none-eabi/lib/thumb/v7e-m+dp/hard\libc_nano.a(libc_a-memcpy-stub.o)
                0x0800a340                memcpy
 *(.glue_7)
 .glue_7        0x0800a35c        0x0 linker stubs
 *(.glue_7t)
 .glue_7t       0x0800a35c        0x0 linker stubs
 *(.eh_frame)
 .eh_frame      0x0800a35c        0x0 D:/ST/STM32CubeIDE_2.0.0/STM32CubeIDE/plugins/com.st.stm32cube.ide.mcu.externaltools.gnu-tools-for-stm32.13.3.rel1.win32_1.0.100.202509120712/tools/bin/../lib/gcc/arm-none-eabi/13.3.1/thumb/v7e-m+dp/hard/crtbegin.o
 *(.init)
 .init          0x0800a35c        0x4 D:/ST/STM32CubeIDE_2.0.0/STM32CubeIDE/plugins/com.st.stm32cube.ide.mcu.externaltools.gnu-tools-for-stm32.13.3.rel1.win32_1.0.100.202509120712/tools/bin/../lib/gcc/arm-none-eabi/13.3.1/thumb/v7e-m+dp/hard/crti.o
                0x0800a35c                _init
 .init          0x0800a360        0x8 D:/ST/STM32CubeIDE_2.0.0/STM32CubeIDE/plugins/com.st.stm32cube.ide.mcu.externaltools.gnu-tools-for-stm32.13.3.rel1.win32_1.0.100.202509120712/tools/bin/../lib/gcc/arm-none-eabi/13.3.1/thumb/v7e-m+dp/hard/crtn.o
 *(.fini)
 .fini          0x0800a368        0x4 D:/ST/STM32CubeIDE_2.0.0/STM32CubeIDE/plugins/com.st.stm32cube.ide.mcu.externaltools.gnu-tools-for-stm32.13.3.rel1.win32_1.0.100.202509120712/tools/bin/../lib/gcc/arm-none-eabi/13.3.1/thumb/v7e-m+dp/hard/crti.o
                0x0800a368                _fini
 .fini          0x0800a36c        0x8 D:/ST/STM32CubeIDE_2.0.0/STM32CubeIDE/plugins/com.st.stm32cube.ide.mcu.externaltools.gnu-tools-for-stm32.13.3.rel1.win32_1.0.100.202509120712/tools/bin/../lib/gcc/arm-none-eabi/13.3.1/thumb/v7e-m+dp/hard/crtn.o
                0x0800a374                        . = ALIGN (0x4)
                0x0800a374                        _etext = .

.vfp11_veneer   0x0800a374        0x0
 .vfp11_veneer  0x0800a374        0x0 linker stubs

.v4_bx          0x0800a374        0x0
 .v4_bx         0x0800a374        0x0 linker stubs

.iplt           0x0800a374        0x0
 .iplt          0x0800a374        0x0 D:/ST/STM32CubeIDE_2.0.0/STM32CubeIDE/plugins/com.st.stm32cube.ide.mcu.externaltools.gnu-tools-for-stm32.13.3.rel1.win32_1.0.100.202509120712/tools/bin/../lib/gcc/arm-none-eabi/13.3.1/thumb/v7e-m+dp/hard/crtbegin.o

.rodata         0x0800a374       0xac
                0x0800a374                        . = ALIGN (0x4)
 *(.rodata)
 .rodata        0x0800a374       0x4c ./Drivers/STM32H7xx_HAL_Driver/Src/stm32h7xx_hal_fdcan.o
 *(.rodata*)
 .rodata.D1CorePrescTable
                0x0800a3c0       0x10 ./Core/Src/system_stm32h7xx.o
                0x0800a3c0                D1CorePrescTable
 .rodata.flagBitshiftOffset.0
                0x0800a3d0        0x8 ./Drivers/STM32H7xx_HAL_Driver/Src/stm32h7xx_hal_dma.o
 .rodata.DLCtoBytes
                0x0800a3d8       0x10 ./Drivers/STM32H7xx_HAL_Driver/Src/stm32h7xx_hal_fdcan.o
 .rodata.UARTPrescTable
                0x0800a3e8       0x18 ./Drivers/STM32H7xx_HAL_Driver/Src/stm32h7xx_hal_uart.o
                0x0800a3e8                UARTPrescTable
 .rodata.numerator.1
                0x0800a400        0x8 ./Drivers/STM32H7xx_HAL_Driver/Src/stm32h7xx_hal_uart_ex.o
 .rodata.denominator.0
                0x0800a408        0x8 ./Drivers/STM32H7xx_HAL_Driver/Src/stm32h7xx_hal_uart_ex.o
 .rodata.dlc2len.6
                0x0800a410       0x10 ./User/Pcan_driver/can.o
                0x0800a420                        . = ALIGN (0x4)

.ARM.extab
 *(.ARM.extab* .gnu.linkonce.armextab.*)

.ARM            0x0800a420        0x8
                0x0800a420                        __exidx_start = .
 *(.ARM.exidx*)
 .ARM.exidx     0x0800a420        0x8 D:/ST/STM32CubeIDE_2.0.0/STM32CubeIDE/plugins/com.st.stm32cube.ide.mcu.externaltools.gnu-tools-for-stm32.13.3.rel1.win32_1.0.100.202509120712/tools/bin/../lib/gcc/arm-none-eabi/13.3.1/thumb/v7e-m+dp/hard\libgcc.a(_udivmoddi4.o)
                0x0800a428                        __exidx_end = .

.preinit_array  0x0800a428        0x0
                0x0800a428                        PROVIDE (__preinit_array_start = .)
 *(.preinit_array*)
                0x0800a428                        PROVIDE (__preinit_array_end = .)

.init_array     0x0800a428        0x4
                0x0800a428                        PROVIDE (__init_array_start = .)
 *(SORT_BY_NAME(.init_array.*))
 *(.init_array*)
 .init_array    0x0800a428        0x4 D:/ST/STM32CubeIDE_2.0.0/STM32CubeIDE/plugins/com.st.stm32cube.ide.mcu.externaltools.gnu-tools-for-stm32.13.3.rel1.win32_1.0.100.202509120712/tools/bin/../lib/gcc/arm-none-eabi/13.3.1/thumb/v7e-m+dp/hard/crtbegin.o
                0x0800a42c                        PROVIDE (__init_array_end = .)

.fini_array     0x0800a42c        0x4
                [!provide]                        PROVIDE (__fini_array_start = .)
 *(SORT_BY_NAME(.fini_array.*))
 *(.fini_array*)
 .fini_array    0x0800a42c        0x4 D:/ST/STM32CubeIDE_2.0.0/STM32CubeIDE/plugins/com.st.stm32cube.ide.mcu.externaltools.gnu-tools-for-stm32.13.3.rel1.win32_1.0.100.202509120712/tools/bin/../lib/gcc/arm-none-eabi/13.3.1/thumb/v7e-m+dp/hard/crtbegin.o
                [!provide]                        PROVIDE (__fini_array_end = .)
                0x0800a430                        _sidata = LOADADDR (.data)

.rel.dyn        0x0800a430        0x0
 .rel.iplt      0x0800a430        0x0 D:/ST/STM32CubeIDE_2.0.0/STM32CubeIDE/plugins/com.st.stm32cube.ide.mcu.externaltools.gnu-tools-for-stm32.13.3.rel1.win32_1.0.100.202509120712/tools/bin/../lib/gcc/arm-none-eabi/13.3.1/thumb/v7e-m+dp/hard/crtbegin.o

.data           0x24000000       0x10 load address 0x0800a430
                0x24000000                        . = ALIGN (0x4)
                0x24000000                        _sdata = .
 *(.data)
 *(.data*)
 .data.SystemCoreClock
                0x24000000        0x4 ./Core/Src/system_stm32h7xx.o
                0x24000000                SystemCoreClock
 .data.SystemD2Clock
                0x24000004        0x4 ./Core/Src/system_stm32h7xx.o
                0x24000004                SystemD2Clock
 .data.uwTickPrio
                0x24000008        0x4 ./Drivers/STM32H7xx_HAL_Driver/Src/stm32h7xx_hal.o
                0x24000008                uwTickPrio
 .data.uwTickFreq
                0x2400000c        0x1 ./Drivers/STM32H7xx_HAL_Driver/Src/stm32h7xx_hal.o
                0x2400000c                uwTickFreq
 *(.RamFunc)
 *(.RamFunc*)
                0x24000010                        . = ALIGN (0x4)
 *fill*         0x2400000d        0x3 
                0x24000010                        _edata = .

.igot.plt       0x24000010        0x0 load address 0x0800a440
 .igot.plt      0x24000010        0x0 D:/ST/STM32CubeIDE_2.0.0/STM32CubeIDE/plugins/com.st.stm32cube.ide.mcu.externaltools.gnu-tools-for-stm32.13.3.rel1.win32_1.0.100.202509120712/tools/bin/../lib/gcc/arm-none-eabi/13.3.1/thumb/v7e-m+dp/hard/crtbegin.o
                0x24000010                        . = ALIGN (0x4)

.bss            0x24000010     0x2760 load address 0x0800a440
                0x24000010                        _sbss = .
                0x24000010                        __bss_start__ = _sbss
 *(.bss)
 .bss           0x24000010       0x1c D:/ST/STM32CubeIDE_2.0.0/STM32CubeIDE/plugins/com.st.stm32cube.ide.mcu.externaltools.gnu-tools-for-stm32.13.3.rel1.win32_1.0.100.202509120712/tools/bin/../lib/gcc/arm-none-eabi/13.3.1/thumb/v7e-m+dp/hard/crtbegin.o
 *(.bss*)
 .bss.hfdcan1   0x2400002c       0xa0 ./Core/Src/fdcan.o
                0x2400002c                hfdcan1
 .bss.hfdcan2   0x240000cc       0xa0 ./Core/Src/fdcan.o
                0x240000cc                hfdcan2
 .bss.HAL_RCC_FDCAN_CLK_ENABLED
                0x2400016c        0x4 ./Core/Src/fdcan.o
 .bss.hiwdg1    0x24000170       0x10 ./Core/Src/iwdg.o
                0x24000170                hiwdg1
 .bss.htim16    0x24000180       0x4c ./Core/Src/tim.o
                0x24000180                htim16
 .bss.huart1    0x240001cc       0x94 ./Core/Src/usart.o
                0x240001cc                huart1
 .bss.hdma_usart1_rx
                0x24000260       0x78 ./Core/Src/usart.o
                0x24000260                hdma_usart1_rx
 .bss.hdma_usart1_tx
                0x240002d8       0x78 ./Core/Src/usart.o
                0x240002d8                hdma_usart1_tx
 .bss.uwTick    0x24000350        0x4 ./Drivers/STM32H7xx_HAL_Driver/Src/stm32h7xx_hal.o
                0x24000350                uwTick
 .bss.frm_buffer
                0x24000354     0x2400 ./User/Pcan_driver/can.o
 .bss.rd_pos    0x24002754        0x8 ./User/Pcan_driver/can.o
 .bss.tx_num    0x2400275c        0x8 ./User/Pcan_driver/can.o
 .bss.connected
                0x24002764        0x1 ./User/Pcan_driver/can.o
 *fill*         0x24002765        0x3 
 .bss.fdcan1_rx_indicate
                0x24002768        0x4 ./User/Pcan_driver/can.o
 .bss.fdcan2_rx_indicate
                0x2400276c        0x4 ./User/Pcan_driver/can.o
 *(COMMON)
                0x24002770                        . = ALIGN (0x4)
                0x24002770                        _ebss = .
                0x24002770                        __bss_end__ = _ebss

._user_heap_stack
                0x24002770      0x600 load address 0x0800a440
                0x24002770                        . = ALIGN (0x8)
                [!provide]                        PROVIDE (end = .)
                0x24002770                        PROVIDE (_end = .)
                0x24002970                        . = (. + _Min_Heap_Size)
 *fill*         0x24002770      0x200 
                0x24002d70                        . = (. + _Min_Stack_Size)
 *fill*         0x24002970      0x400 
                0x24002d70                        . = ALIGN (0x8)

/DISCARD/
 libc.a(*)
 libm.a(*)
 libgcc.a(*)

.ARM.attributes
                0x00000000       0x2e
 *(.ARM.attributes)
 .ARM.attributes
                0x00000000       0x20 D:/ST/STM32CubeIDE_2.0.0/STM32CubeIDE/plugins/com.st.stm32cube.ide.mcu.externaltools.gnu-tools-for-stm32.13.3.rel1.win32_1.0.100.202509120712/tools/bin/../lib/gcc/arm-none-eabi/13.3.1/thumb/v7e-m+dp/hard/crti.o
 .ARM.attributes
                0x00000020       0x32 D:/ST/STM32CubeIDE_2.0.0/STM32CubeIDE/plugins/com.st.stm32cube.ide.mcu.externaltools.gnu-tools-for-stm32.13.3.rel1.win32_1.0.100.202509120712/tools/bin/../lib/gcc/arm-none-eabi/13.3.1/thumb/v7e-m+dp/hard/crtbegin.o
 .ARM.attributes
                0x00000052       0x32 ./Core/Src/dma.o
 .ARM.attributes
                0x00000084       0x32 ./Core/Src/fdcan.o
 .ARM.attributes
                0x000000b6       0x32 ./Core/Src/gpio.o
 .ARM.attributes
                0x000000e8       0x32 ./Core/Src/iwdg.o
 .ARM.attributes
                0x0000011a       0x32 ./Core/Src/main.o
 .ARM.attributes
                0x0000014c       0x32 ./Core/Src/stm32h7xx_hal_msp.o
 .ARM.attributes
                0x0000017e       0x32 ./Core/Src/stm32h7xx_it.o
 .ARM.attributes
                0x000001b0       0x32 ./Core/Src/system_stm32h7xx.o
 .ARM.attributes
                0x000001e2       0x32 ./Core/Src/tim.o
 .ARM.attributes
                0x00000214       0x32 ./Core/Src/usart.o
 .ARM.attributes
                0x00000246       0x21 ./Core/Startup/startup_stm32h723vgtx.o
 .ARM.attributes
                0x00000267       0x32 ./Drivers/STM32H7xx_HAL_Driver/Src/stm32h7xx_hal.o
 .ARM.attributes
                0x00000299       0x32 ./Drivers/STM32H7xx_HAL_Driver/Src/stm32h7xx_hal_cortex.o
 .ARM.attributes
                0x000002cb       0x32 ./Drivers/STM32H7xx_HAL_Driver/Src/stm32h7xx_hal_dma.o
 .ARM.attributes
                0x000002fd       0x32 ./Drivers/STM32H7xx_HAL_Driver/Src/stm32h7xx_hal_fdcan.o
 .ARM.attributes
                0x0000032f       0x32 ./Drivers/STM32H7xx_HAL_Driver/Src/stm32h7xx_hal_gpio.o
 .ARM.attributes
                0x00000361       0x32 ./Drivers/STM32H7xx_HAL_Driver/Src/stm32h7xx_hal_iwdg.o
 .ARM.attributes
                0x00000393       0x32 ./Drivers/STM32H7xx_HAL_Driver/Src/stm32h7xx_hal_pwr_ex.o
 .ARM.attributes
                0x000003c5       0x32 ./Drivers/STM32H7xx_HAL_Driver/Src/stm32h7xx_hal_rcc.o
 .ARM.attributes
                0x000003f7       0x32 ./Drivers/STM32H7xx_HAL_Driver/Src/stm32h7xx_hal_rcc_ex.o
 .ARM.attributes
                0x00000429       0x32 ./Drivers/STM32H7xx_HAL_Driver/Src/stm32h7xx_hal_tim.o
 .ARM.attributes
                0x0000045b       0x32 ./Drivers/STM32H7xx_HAL_Driver/Src/stm32h7xx_hal_tim_ex.o
 .ARM.attributes
                0x0000048d       0x32 ./Drivers/STM32H7xx_HAL_Driver/Src/stm32h7xx_hal_uart.o
 .ARM.attributes
                0x000004bf       0x32 ./Drivers/STM32H7xx_HAL_Driver/Src/stm32h7xx_hal_uart_ex.o
 .ARM.attributes
                0x000004f1       0x32 ./User/Pcan_driver/can.o
 .ARM.attributes
                0x00000523       0x32 ./User/User.o
 .ARM.attributes
                0x00000555       0x32 D:/ST/STM32CubeIDE_2.0.0/STM32CubeIDE/plugins/com.st.stm32cube.ide.mcu.externaltools.gnu-tools-for-stm32.13.3.rel1.win32_1.0.100.202509120712/tools/bin/../lib/gcc/arm-none-eabi/13.3.1/../../../../arm-none-eabi/lib/thumb/v7e-m+dp/hard\libc_nano.a(libc_a-memset.o)
 .ARM.attributes
                0x00000587       0x32 D:/ST/STM32CubeIDE_2.0.0/STM32CubeIDE/plugins/com.st.stm32cube.ide.mcu.externaltools.gnu-tools-for-stm32.13.3.rel1.win32_1.0.100.202509120712/tools/bin/../lib/gcc/arm-none-eabi/13.3.1/../../../../arm-none-eabi/lib/thumb/v7e-m+dp/hard\libc_nano.a(libc_a-init.o)
 .ARM.attributes
                0x000005b9       0x32 D:/ST/STM32CubeIDE_2.0.0/STM32CubeIDE/plugins/com.st.stm32cube.ide.mcu.externaltools.gnu-tools-for-stm32.13.3.rel1.win32_1.0.100.202509120712/tools/bin/../lib/gcc/arm-none-eabi/13.3.1/../../../../arm-none-eabi/lib/thumb/v7e-m+dp/hard\libc_nano.a(libc_a-memcpy-stub.o)
 .ARM.attributes
                0x000005eb       0x20 D:/ST/STM32CubeIDE_2.0.0/STM32CubeIDE/plugins/com.st.stm32cube.ide.mcu.externaltools.gnu-tools-for-stm32.13.3.rel1.win32_1.0.100.202509120712/tools/bin/../lib/gcc/arm-none-eabi/13.3.1/thumb/v7e-m+dp/hard\libgcc.a(_aeabi_uldivmod.o)
 .ARM.attributes
                0x0000060b       0x32 D:/ST/STM32CubeIDE_2.0.0/STM32CubeIDE/plugins/com.st.stm32cube.ide.mcu.externaltools.gnu-tools-for-stm32.13.3.rel1.win32_1.0.100.202509120712/tools/bin/../lib/gcc/arm-none-eabi/13.3.1/thumb/v7e-m+dp/hard\libgcc.a(_udivmoddi4.o)
 .ARM.attributes
                0x0000063d       0x20 D:/ST/STM32CubeIDE_2.0.0/STM32CubeIDE/plugins/com.st.stm32cube.ide.mcu.externaltools.gnu-tools-for-stm32.13.3.rel1.win32_1.0.100.202509120712/tools/bin/../lib/gcc/arm-none-eabi/13.3.1/thumb/v7e-m+dp/hard\libgcc.a(_dvmd_tls.o)
 .ARM.attributes
                0x0000065d       0x20 D:/ST/STM32CubeIDE_2.0.0/STM32CubeIDE/plugins/com.st.stm32cube.ide.mcu.externaltools.gnu-tools-for-stm32.13.3.rel1.win32_1.0.100.202509120712/tools/bin/../lib/gcc/arm-none-eabi/13.3.1/thumb/v7e-m+dp/hard/crtn.o
OUTPUT(pcan_H723_V1.elf elf32-littlearm)
LOAD linker stubs
LOAD D:/ST/STM32CubeIDE_2.0.0/STM32CubeIDE/plugins/com.st.stm32cube.ide.mcu.externaltools.gnu-tools-for-stm32.13.3.rel1.win32_1.0.100.202509120712/tools/bin/../lib/gcc/arm-none-eabi/13.3.1/../../../../arm-none-eabi/lib/thumb/v7e-m+dp/hard\libc.a
LOAD D:/ST/STM32CubeIDE_2.0.0/STM32CubeIDE/plugins/com.st.stm32cube.ide.mcu.externaltools.gnu-tools-for-stm32.13.3.rel1.win32_1.0.100.202509120712/tools/bin/../lib/gcc/arm-none-eabi/13.3.1/../../../../arm-none-eabi/lib/thumb/v7e-m+dp/hard\libm.a
LOAD D:/ST/STM32CubeIDE_2.0.0/STM32CubeIDE/plugins/com.st.stm32cube.ide.mcu.externaltools.gnu-tools-for-stm32.13.3.rel1.win32_1.0.100.202509120712/tools/bin/../lib/gcc/arm-none-eabi/13.3.1/thumb/v7e-m+dp/hard\libgcc.a

.debug_info     0x00000000    0x1cf26
 .debug_info    0x00000000      0x817 ./Core/Src/dma.o
 .debug_info    0x00000817     0x1289 ./Core/Src/fdcan.o
 .debug_info    0x00001aa0      0x4b3 ./Core/Src/gpio.o
 .debug_info    0x00001f53      0x1e8 ./Core/Src/iwdg.o
 .debug_info    0x0000213b      0x87c ./Core/Src/main.o
 .debug_info    0x000029b7      0x464 ./Core/Src/stm32h7xx_hal_msp.o
 .debug_info    0x00002e1b     0x1405 ./Core/Src/stm32h7xx_it.o
 .debug_info    0x00004220      0xbf0 ./Core/Src/system_stm32h7xx.o
 .debug_info    0x00004e10      0xfba ./Core/Src/tim.o
 .debug_info    0x00005dca     0x151b ./Core/Src/usart.o
 .debug_info    0x000072e5       0x30 ./Core/Startup/startup_stm32h723vgtx.o
 .debug_info    0x00007315     0x1698 ./Drivers/STM32H7xx_HAL_Driver/Src/stm32h7xx_hal.o
 .debug_info    0x000089ad     0x10a5 ./Drivers/STM32H7xx_HAL_Driver/Src/stm32h7xx_hal_cortex.o
 .debug_info    0x00009a52      0xb71 ./Drivers/STM32H7xx_HAL_Driver/Src/stm32h7xx_hal_dma.o
 .debug_info    0x0000a5c3     0x2baf ./Drivers/STM32H7xx_HAL_Driver/Src/stm32h7xx_hal_fdcan.o
 .debug_info    0x0000d172      0xc6b ./Drivers/STM32H7xx_HAL_Driver/Src/stm32h7xx_hal_gpio.o
 .debug_info    0x0000dddd      0x20c ./Drivers/STM32H7xx_HAL_Driver/Src/stm32h7xx_hal_iwdg.o
 .debug_info    0x0000dfe9      0xdce ./Drivers/STM32H7xx_HAL_Driver/Src/stm32h7xx_hal_pwr_ex.o
 .debug_info    0x0000edb7      0xd82 ./Drivers/STM32H7xx_HAL_Driver/Src/stm32h7xx_hal_rcc.o
 .debug_info    0x0000fb39     0x120b ./Drivers/STM32H7xx_HAL_Driver/Src/stm32h7xx_hal_rcc_ex.o
 .debug_info    0x00010d44     0x2bae ./Drivers/STM32H7xx_HAL_Driver/Src/stm32h7xx_hal_tim.o
 .debug_info    0x000138f2     0x18c1 ./Drivers/STM32H7xx_HAL_Driver/Src/stm32h7xx_hal_tim_ex.o
 .debug_info    0x000151b3     0x4b1d ./Drivers/STM32H7xx_HAL_Driver/Src/stm32h7xx_hal_uart.o
 .debug_info    0x00019cd0      0xfbf ./Drivers/STM32H7xx_HAL_Driver/Src/stm32h7xx_hal_uart_ex.o
 .debug_info    0x0001ac8f     0x14b6 ./User/Pcan_driver/can.o
 .debug_info    0x0001c145      0xde1 ./User/User.o

.debug_abbrev   0x00000000     0x363e
 .debug_abbrev  0x00000000      0x11e ./Core/Src/dma.o
 .debug_abbrev  0x0000011e      0x214 ./Core/Src/fdcan.o
 .debug_abbrev  0x00000332       0xe8 ./Core/Src/gpio.o
 .debug_abbrev  0x0000041a      0x139 ./Core/Src/iwdg.o
 .debug_abbrev  0x00000553      0x1ff ./Core/Src/main.o
 .debug_abbrev  0x00000752       0xdb ./Core/Src/stm32h7xx_hal_msp.o
 .debug_abbrev  0x0000082d      0x1d6 ./Core/Src/stm32h7xx_it.o
 .debug_abbrev  0x00000a03      0x153 ./Core/Src/system_stm32h7xx.o
 .debug_abbrev  0x00000b56      0x20c ./Core/Src/tim.o
 .debug_abbrev  0x00000d62      0x25d ./Core/Src/usart.o
 .debug_abbrev  0x00000fbf       0x24 ./Core/Startup/startup_stm32h723vgtx.o
 .debug_abbrev  0x00000fe3      0x29e ./Drivers/STM32H7xx_HAL_Driver/Src/stm32h7xx_hal.o
 .debug_abbrev  0x00001281      0x339 ./Drivers/STM32H7xx_HAL_Driver/Src/stm32h7xx_hal_cortex.o
 .debug_abbrev  0x000015ba      0x248 ./Drivers/STM32H7xx_HAL_Driver/Src/stm32h7xx_hal_dma.o
 .debug_abbrev  0x00001802      0x288 ./Drivers/STM32H7xx_HAL_Driver/Src/stm32h7xx_hal_fdcan.o
 .debug_abbrev  0x00001a8a      0x205 ./Drivers/STM32H7xx_HAL_Driver/Src/stm32h7xx_hal_gpio.o
 .debug_abbrev  0x00001c8f      0x14d ./Drivers/STM32H7xx_HAL_Driver/Src/stm32h7xx_hal_iwdg.o
 .debug_abbrev  0x00001ddc      0x295 ./Drivers/STM32H7xx_HAL_Driver/Src/stm32h7xx_hal_pwr_ex.o
 .debug_abbrev  0x00002071      0x2b1 ./Drivers/STM32H7xx_HAL_Driver/Src/stm32h7xx_hal_rcc.o
 .debug_abbrev  0x00002322      0x269 ./Drivers/STM32H7xx_HAL_Driver/Src/stm32h7xx_hal_rcc_ex.o
 .debug_abbrev  0x0000258b      0x276 ./Drivers/STM32H7xx_HAL_Driver/Src/stm32h7xx_hal_tim.o
 .debug_abbrev  0x00002801      0x296 ./Drivers/STM32H7xx_HAL_Driver/Src/stm32h7xx_hal_tim_ex.o
 .debug_abbrev  0x00002a97      0x33d ./Drivers/STM32H7xx_HAL_Driver/Src/stm32h7xx_hal_uart.o
 .debug_abbrev  0x00002dd4      0x2d2 ./Drivers/STM32H7xx_HAL_Driver/Src/stm32h7xx_hal_uart_ex.o
 .debug_abbrev  0x000030a6      0x393 ./User/Pcan_driver/can.o
 .debug_abbrev  0x00003439      0x205 ./User/User.o

.debug_aranges  0x00000000     0x15e0
 .debug_aranges
                0x00000000       0x20 ./Core/Src/dma.o
 .debug_aranges
                0x00000020       0x38 ./Core/Src/fdcan.o
 .debug_aranges
                0x00000058       0x20 ./Core/Src/gpio.o
 .debug_aranges
                0x00000078       0x20 ./Core/Src/iwdg.o
 .debug_aranges
                0x00000098       0x40 ./Core/Src/main.o
 .debug_aranges
                0x000000d8       0x20 ./Core/Src/stm32h7xx_hal_msp.o
 .debug_aranges
                0x000000f8       0x90 ./Core/Src/stm32h7xx_it.o
 .debug_aranges
                0x00000188       0x30 ./Core/Src/system_stm32h7xx.o
 .debug_aranges
                0x000001b8       0x30 ./Core/Src/tim.o
 .debug_aranges
                0x000001e8       0x30 ./Core/Src/usart.o
 .debug_aranges
                0x00000218       0x28 ./Core/Startup/startup_stm32h723vgtx.o
 .debug_aranges
                0x00000240      0x1c8 ./Drivers/STM32H7xx_HAL_Driver/Src/stm32h7xx_hal.o
 .debug_aranges
                0x00000408      0x130 ./Drivers/STM32H7xx_HAL_Driver/Src/stm32h7xx_hal_cortex.o
 .debug_aranges
                0x00000538       0xa0 ./Drivers/STM32H7xx_HAL_Driver/Src/stm32h7xx_hal_dma.o
 .debug_aranges
                0x000005d8      0x338 ./Drivers/STM32H7xx_HAL_Driver/Src/stm32h7xx_hal_fdcan.o
 .debug_aranges
                0x00000910       0x58 ./Drivers/STM32H7xx_HAL_Driver/Src/stm32h7xx_hal_gpio.o
 .debug_aranges
                0x00000968       0x28 ./Drivers/STM32H7xx_HAL_Driver/Src/stm32h7xx_hal_iwdg.o
 .debug_aranges
                0x00000990      0x148 ./Drivers/STM32H7xx_HAL_Driver/Src/stm32h7xx_hal_pwr_ex.o
 .debug_aranges
                0x00000ad8       0x88 ./Drivers/STM32H7xx_HAL_Driver/Src/stm32h7xx_hal_rcc.o
 .debug_aranges
                0x00000b60       0xf8 ./Drivers/STM32H7xx_HAL_Driver/Src/stm32h7xx_hal_rcc_ex.o
 .debug_aranges
                0x00000c58      0x3e0 ./Drivers/STM32H7xx_HAL_Driver/Src/stm32h7xx_hal_tim.o
 .debug_aranges
                0x00001038      0x198 ./Drivers/STM32H7xx_HAL_Driver/Src/stm32h7xx_hal_tim_ex.o
 .debug_aranges
                0x000011d0      0x248 ./Drivers/STM32H7xx_HAL_Driver/Src/stm32h7xx_hal_uart.o
 .debug_aranges
                0x00001418       0xa8 ./Drivers/STM32H7xx_HAL_Driver/Src/stm32h7xx_hal_uart_ex.o
 .debug_aranges
                0x000014c0       0xd0 ./User/Pcan_driver/can.o
 .debug_aranges
                0x00001590       0x50 ./User/User.o

.debug_rnglists
                0x00000000     0x10fe
 .debug_rnglists
                0x00000000       0x13 ./Core/Src/dma.o
 .debug_rnglists
                0x00000013       0x29 ./Core/Src/fdcan.o
 .debug_rnglists
                0x0000003c       0x14 ./Core/Src/gpio.o
 .debug_rnglists
                0x00000050       0x13 ./Core/Src/iwdg.o
 .debug_rnglists
                0x00000063       0x2c ./Core/Src/main.o
 .debug_rnglists
                0x0000008f       0x13 ./Core/Src/stm32h7xx_hal_msp.o
 .debug_rnglists
                0x000000a2       0x67 ./Core/Src/stm32h7xx_it.o
 .debug_rnglists
                0x00000109       0x21 ./Core/Src/system_stm32h7xx.o
 .debug_rnglists
                0x0000012a       0x1f ./Core/Src/tim.o
 .debug_rnglists
                0x00000149       0x21 ./Core/Src/usart.o
 .debug_rnglists
                0x0000016a       0x19 ./Core/Startup/startup_stm32h723vgtx.o
 .debug_rnglists
                0x00000183      0x155 ./Drivers/STM32H7xx_HAL_Driver/Src/stm32h7xx_hal.o
 .debug_rnglists
                0x000002d8       0xe0 ./Drivers/STM32H7xx_HAL_Driver/Src/stm32h7xx_hal_cortex.o
 .debug_rnglists
                0x000003b8       0x82 ./Drivers/STM32H7xx_HAL_Driver/Src/stm32h7xx_hal_dma.o
 .debug_rnglists
                0x0000043a      0x28b ./Drivers/STM32H7xx_HAL_Driver/Src/stm32h7xx_hal_fdcan.o
 .debug_rnglists
                0x000006c5       0x3f ./Drivers/STM32H7xx_HAL_Driver/Src/stm32h7xx_hal_gpio.o
 .debug_rnglists
                0x00000704       0x1a ./Drivers/STM32H7xx_HAL_Driver/Src/stm32h7xx_hal_iwdg.o
 .debug_rnglists
                0x0000071e       0xf5 ./Drivers/STM32H7xx_HAL_Driver/Src/stm32h7xx_hal_pwr_ex.o
 .debug_rnglists
                0x00000813       0x68 ./Drivers/STM32H7xx_HAL_Driver/Src/stm32h7xx_hal_rcc.o
 .debug_rnglists
                0x0000087b       0xc0 ./Drivers/STM32H7xx_HAL_Driver/Src/stm32h7xx_hal_rcc_ex.o
 .debug_rnglists
                0x0000093b      0x328 ./Drivers/STM32H7xx_HAL_Driver/Src/stm32h7xx_hal_tim.o
 .debug_rnglists
                0x00000c63      0x14d ./Drivers/STM32H7xx_HAL_Driver/Src/stm32h7xx_hal_tim_ex.o
 .debug_rnglists
                0x00000db0      0x1fa ./Drivers/STM32H7xx_HAL_Driver/Src/stm32h7xx_hal_uart.o
 .debug_rnglists
                0x00000faa       0x7f ./Drivers/STM32H7xx_HAL_Driver/Src/stm32h7xx_hal_uart_ex.o
 .debug_rnglists
                0x00001029       0x9d ./User/Pcan_driver/can.o
 .debug_rnglists
                0x000010c6       0x38 ./User/User.o

.debug_macro    0x00000000    0x35a28
 .debug_macro   0x00000000      0x2d0 ./Core/Src/dma.o
 .debug_macro   0x000002d0      0xaf6 ./Core/Src/dma.o
 .debug_macro   0x00000dc6      0x244 ./Core/Src/dma.o
 .debug_macro   0x0000100a       0x2e ./Core/Src/dma.o
 .debug_macro   0x00001038       0x3b ./Core/Src/dma.o
 .debug_macro   0x00001073       0x22 ./Core/Src/dma.o
 .debug_macro   0x00001095       0x8e ./Core/Src/dma.o
 .debug_macro   0x00001123       0x51 ./Core/Src/dma.o
 .debug_macro   0x00001174      0x103 ./Core/Src/dma.o
 .debug_macro   0x00001277       0x6a ./Core/Src/dma.o
 .debug_macro   0x000012e1      0x1df ./Core/Src/dma.o
 .debug_macro   0x000014c0       0x1c ./Core/Src/dma.o
 .debug_macro   0x000014dc       0x22 ./Core/Src/dma.o
 .debug_macro   0x000014fe       0xfb ./Core/Src/dma.o
 .debug_macro   0x000015f9     0x1305 ./Core/Src/dma.o
 .debug_macro   0x000028fe      0x11f ./Core/Src/dma.o
 .debug_macro   0x00002a1d       0x27 ./Core/Src/dma.o
 .debug_macro   0x00002a44    0x216c1 ./Core/Src/dma.o
 .debug_macro   0x00024105       0x6d ./Core/Src/dma.o
 .debug_macro   0x00024172     0x3d64 ./Core/Src/dma.o
 .debug_macro   0x00027ed6      0x190 ./Core/Src/dma.o
 .debug_macro   0x00028066       0x61 ./Core/Src/dma.o
 .debug_macro   0x000280c7       0x29 ./Core/Src/dma.o
 .debug_macro   0x000280f0       0x43 ./Core/Src/dma.o
 .debug_macro   0x00028133       0x34 ./Core/Src/dma.o
 .debug_macro   0x00028167      0x370 ./Core/Src/dma.o
 .debug_macro   0x000284d7       0x16 ./Core/Src/dma.o
 .debug_macro   0x000284ed       0x4a ./Core/Src/dma.o
 .debug_macro   0x00028537       0x34 ./Core/Src/dma.o
 .debug_macro   0x0002856b       0x10 ./Core/Src/dma.o
 .debug_macro   0x0002857b       0x58 ./Core/Src/dma.o
 .debug_macro   0x000285d3       0x8e ./Core/Src/dma.o
 .debug_macro   0x00028661       0x1c ./Core/Src/dma.o
 .debug_macro   0x0002867d      0x185 ./Core/Src/dma.o
 .debug_macro   0x00028802      0x19b ./Core/Src/dma.o
 .debug_macro   0x0002899d       0x5d ./Core/Src/dma.o
 .debug_macro   0x000289fa     0x2462 ./Core/Src/dma.o
 .debug_macro   0x0002ae5c     0x1079 ./Core/Src/dma.o
 .debug_macro   0x0002bed5      0x154 ./Core/Src/dma.o
 .debug_macro   0x0002c029      0x114 ./Core/Src/dma.o
 .debug_macro   0x0002c13d      0x3fc ./Core/Src/dma.o
 .debug_macro   0x0002c539       0xac ./Core/Src/dma.o
 .debug_macro   0x0002c5e5      0x788 ./Core/Src/dma.o
 .debug_macro   0x0002cd6d      0x228 ./Core/Src/dma.o
 .debug_macro   0x0002cf95       0x66 ./Core/Src/dma.o
 .debug_macro   0x0002cffb      0x3a6 ./Core/Src/dma.o
 .debug_macro   0x0002d3a1      0x3f9 ./Core/Src/dma.o
 .debug_macro   0x0002d79a      0x275 ./Core/Src/dma.o
 .debug_macro   0x0002da0f      0xe42 ./Core/Src/dma.o
 .debug_macro   0x0002e851      0x3ca ./Core/Src/dma.o
 .debug_macro   0x0002ec1b      0x45c ./Core/Src/dma.o
 .debug_macro   0x0002f077       0x3c ./Core/Src/dma.o
 .debug_macro   0x0002f0b3       0x4a ./Core/Src/dma.o
 .debug_macro   0x0002f0fd      0x22c ./Core/Src/dma.o
 .debug_macro   0x0002f329       0x67 ./Core/Src/dma.o
 .debug_macro   0x0002f390       0xa5 ./Core/Src/dma.o
 .debug_macro   0x0002f435       0x85 ./Core/Src/dma.o
 .debug_macro   0x0002f4ba      0x1c4 ./Core/Src/dma.o
 .debug_macro   0x0002f67e      0x22a ./Core/Src/dma.o
 .debug_macro   0x0002f8a8       0x35 ./Core/Src/dma.o
 .debug_macro   0x0002f8dd      0xb24 ./Core/Src/dma.o
 .debug_macro   0x00030401      0x29f ./Core/Src/dma.o
 .debug_macro   0x000306a0      0x693 ./Core/Src/dma.o
 .debug_macro   0x00030d33       0xa6 ./Core/Src/dma.o
 .debug_macro   0x00030dd9      0x5f2 ./Core/Src/dma.o
 .debug_macro   0x000313cb      0x2d0 ./Core/Src/fdcan.o
 .debug_macro   0x0003169b      0x2d0 ./Core/Src/gpio.o
 .debug_macro   0x0003196b      0x2d0 ./Core/Src/iwdg.o
 .debug_macro   0x00031c3b      0x32d ./Core/Src/main.o
 .debug_macro   0x00031f68       0x22 ./Core/Src/main.o
 .debug_macro   0x00031f8a      0x2c6 ./Core/Src/stm32h7xx_hal_msp.o
 .debug_macro   0x00032250      0x2d0 ./Core/Src/stm32h7xx_it.o
 .debug_macro   0x00032520      0x2bc ./Core/Src/system_stm32h7xx.o
 .debug_macro   0x000327dc      0x2d0 ./Core/Src/tim.o
 .debug_macro   0x00032aac      0x2d0 ./Core/Src/usart.o
 .debug_macro   0x00032d7c      0x2e6 ./Drivers/STM32H7xx_HAL_Driver/Src/stm32h7xx_hal.o
 .debug_macro   0x00033062      0x2bc ./Drivers/STM32H7xx_HAL_Driver/Src/stm32h7xx_hal_cortex.o
 .debug_macro   0x0003331e      0x310 ./Drivers/STM32H7xx_HAL_Driver/Src/stm32h7xx_hal_dma.o
 .debug_macro   0x0003362e      0x381 ./Drivers/STM32H7xx_HAL_Driver/Src/stm32h7xx_hal_fdcan.o
 .debug_macro   0x000339af      0x2c3 ./Drivers/STM32H7xx_HAL_Driver/Src/stm32h7xx_hal_gpio.o
 .debug_macro   0x00033c72      0x2ca ./Drivers/STM32H7xx_HAL_Driver/Src/stm32h7xx_hal_iwdg.o
 .debug_macro   0x00033f3c      0x2f5 ./Drivers/STM32H7xx_HAL_Driver/Src/stm32h7xx_hal_pwr_ex.o
 .debug_macro   0x00034231      0x2e0 ./Drivers/STM32H7xx_HAL_Driver/Src/stm32h7xx_hal_rcc.o
 .debug_macro   0x00034511      0x2da ./Drivers/STM32H7xx_HAL_Driver/Src/stm32h7xx_hal_rcc_ex.o
 .debug_macro   0x000347eb      0x2bd ./Drivers/STM32H7xx_HAL_Driver/Src/stm32h7xx_hal_tim.o
 .debug_macro   0x00034aa8      0x2c2 ./Drivers/STM32H7xx_HAL_Driver/Src/stm32h7xx_hal_tim_ex.o
 .debug_macro   0x00034d6a      0x2e7 ./Drivers/STM32H7xx_HAL_Driver/Src/stm32h7xx_hal_uart.o
 .debug_macro   0x00035051      0x2c8 ./Drivers/STM32H7xx_HAL_Driver/Src/stm32h7xx_hal_uart_ex.o
 .debug_macro   0x00035319      0x370 ./User/Pcan_driver/can.o
 .debug_macro   0x00035689       0x16 ./User/Pcan_driver/can.o
 .debug_macro   0x0003569f       0x20 ./User/Pcan_driver/can.o
 .debug_macro   0x000356bf       0x1c ./User/Pcan_driver/can.o
 .debug_macro   0x000356db       0x4c ./User/Pcan_driver/can.o
 .debug_macro   0x00035727      0x301 ./User/User.o

.debug_line     0x00000000    0x1ef5a
 .debug_line    0x00000000      0x90e ./Core/Src/dma.o
 .debug_line    0x0000090e      0xa77 ./Core/Src/fdcan.o
 .debug_line    0x00001385      0x90f ./Core/Src/gpio.o
 .debug_line    0x00001c94      0x922 ./Core/Src/iwdg.o
 .debug_line    0x000025b6      0xade ./Core/Src/main.o
 .debug_line    0x00003094      0x90f ./Core/Src/stm32h7xx_hal_msp.o
 .debug_line    0x000039a3      0xa4f ./Core/Src/stm32h7xx_it.o
 .debug_line    0x000043f2      0xb04 ./Core/Src/system_stm32h7xx.o
 .debug_line    0x00004ef6      0x963 ./Core/Src/tim.o
 .debug_line    0x00005859      0xa1e ./Core/Src/usart.o
 .debug_line    0x00006277       0x7b ./Core/Startup/startup_stm32h723vgtx.o
 .debug_line    0x000062f2      0xf79 ./Drivers/STM32H7xx_HAL_Driver/Src/stm32h7xx_hal.o
 .debug_line    0x0000726b      0xed2 ./Drivers/STM32H7xx_HAL_Driver/Src/stm32h7xx_hal_cortex.o
 .debug_line    0x0000813d     0x286c ./Drivers/STM32H7xx_HAL_Driver/Src/stm32h7xx_hal_dma.o
 .debug_line    0x0000a9a9     0x2973 ./Drivers/STM32H7xx_HAL_Driver/Src/stm32h7xx_hal_fdcan.o
 .debug_line    0x0000d31c      0xd5d ./Drivers/STM32H7xx_HAL_Driver/Src/stm32h7xx_hal_gpio.o
 .debug_line    0x0000e079      0x9a4 ./Drivers/STM32H7xx_HAL_Driver/Src/stm32h7xx_hal_iwdg.o
 .debug_line    0x0000ea1d      0xfb7 ./Drivers/STM32H7xx_HAL_Driver/Src/stm32h7xx_hal_pwr_ex.o
 .debug_line    0x0000f9d4     0x14f6 ./Drivers/STM32H7xx_HAL_Driver/Src/stm32h7xx_hal_rcc.o
 .debug_line    0x00010eca     0x1daa ./Drivers/STM32H7xx_HAL_Driver/Src/stm32h7xx_hal_rcc_ex.o
 .debug_line    0x00012c74     0x40c8 ./Drivers/STM32H7xx_HAL_Driver/Src/stm32h7xx_hal_tim.o
 .debug_line    0x00016d3c     0x1f06 ./Drivers/STM32H7xx_HAL_Driver/Src/stm32h7xx_hal_tim_ex.o
 .debug_line    0x00018c42     0x39dc ./Drivers/STM32H7xx_HAL_Driver/Src/stm32h7xx_hal_uart.o
 .debug_line    0x0001c61e      0xe7e ./Drivers/STM32H7xx_HAL_Driver/Src/stm32h7xx_hal_uart_ex.o
 .debug_line    0x0001d49c      0xfe1 ./User/Pcan_driver/can.o
 .debug_line    0x0001e47d      0xadd ./User/User.o

.debug_str      0x00000000   0x158692
 .debug_str     0x00000000   0x158692 ./Core/Src/dma.o
                             0x150218 (size before relaxing)
 .debug_str     0x00158692        0x0 ./Core/Src/fdcan.o
                             0x150854 (size before relaxing)
 .debug_str     0x00158692        0x0 ./Core/Src/gpio.o
                             0x14fa0b (size before relaxing)
 .debug_str     0x00158692        0x0 ./Core/Src/iwdg.o
                             0x14f899 (size before relaxing)
 .debug_str     0x00158692        0x0 ./Core/Src/main.o
                             0x14ffcb (size before relaxing)
 .debug_str     0x00158692        0x0 ./Core/Src/stm32h7xx_hal_msp.o
                             0x14fa0b (size before relaxing)
 .debug_str     0x00158692        0x0 ./Core/Src/stm32h7xx_it.o
                             0x1506ee (size before relaxing)
 .debug_str     0x00158692        0x0 ./Core/Src/system_stm32h7xx.o
                             0x14fceb (size before relaxing)
 .debug_str     0x00158692        0x0 ./Core/Src/tim.o
                             0x1508fc (size before relaxing)
 .debug_str     0x00158692        0x0 ./Core/Src/usart.o
                             0x150ce6 (size before relaxing)
 .debug_str     0x00158692        0x0 ./Core/Startup/startup_stm32h723vgtx.o
                                 0x75 (size before relaxing)
 .debug_str     0x00158692        0x0 ./Drivers/STM32H7xx_HAL_Driver/Src/stm32h7xx_hal.o
                             0x150d36 (size before relaxing)
 .debug_str     0x00158692        0x0 ./Drivers/STM32H7xx_HAL_Driver/Src/stm32h7xx_hal_cortex.o
                             0x150650 (size before relaxing)
 .debug_str     0x00158692        0x0 ./Drivers/STM32H7xx_HAL_Driver/Src/stm32h7xx_hal_dma.o
                             0x150461 (size before relaxing)
 .debug_str     0x00158692        0x0 ./Drivers/STM32H7xx_HAL_Driver/Src/stm32h7xx_hal_fdcan.o
                             0x151a2c (size before relaxing)
 .debug_str     0x00158692        0x0 ./Drivers/STM32H7xx_HAL_Driver/Src/stm32h7xx_hal_gpio.o
                             0x14fcf7 (size before relaxing)
 .debug_str     0x00158692        0x0 ./Drivers/STM32H7xx_HAL_Driver/Src/stm32h7xx_hal_iwdg.o
                             0x14f965 (size before relaxing)
 .debug_str     0x00158692        0x0 ./Drivers/STM32H7xx_HAL_Driver/Src/stm32h7xx_hal_pwr_ex.o
                             0x1500ff (size before relaxing)
 .debug_str     0x00158692        0x0 ./Drivers/STM32H7xx_HAL_Driver/Src/stm32h7xx_hal_rcc.o
                             0x15007a (size before relaxing)
 .debug_str     0x00158692        0x0 ./Drivers/STM32H7xx_HAL_Driver/Src/stm32h7xx_hal_rcc_ex.o
                             0x150592 (size before relaxing)
 .debug_str     0x00158692        0x0 ./Drivers/STM32H7xx_HAL_Driver/Src/stm32h7xx_hal_tim.o
                             0x150e78 (size before relaxing)
 .debug_str     0x00158692        0x0 ./Drivers/STM32H7xx_HAL_Driver/Src/stm32h7xx_hal_tim_ex.o
                             0x150825 (size before relaxing)
 .debug_str     0x00158692        0x0 ./Drivers/STM32H7xx_HAL_Driver/Src/stm32h7xx_hal_uart.o
                             0x150c1a (size before relaxing)
 .debug_str     0x00158692        0x0 ./Drivers/STM32H7xx_HAL_Driver/Src/stm32h7xx_hal_uart_ex.o
                             0x1501da (size before relaxing)
 .debug_str     0x00158692        0x0 ./User/Pcan_driver/can.o
                             0x150bfc (size before relaxing)
 .debug_str     0x00158692        0x0 ./User/User.o
                             0x1500ee (size before relaxing)

.comment        0x00000000       0x43
 .comment       0x00000000       0x43 ./Core/Src/dma.o
                                 0x44 (size before relaxing)
 .comment       0x00000043        0x0 ./Core/Src/fdcan.o
                                 0x44 (size before relaxing)
 .comment       0x00000043        0x0 ./Core/Src/gpio.o
                                 0x44 (size before relaxing)
 .comment       0x00000043        0x0 ./Core/Src/iwdg.o
                                 0x44 (size before relaxing)
 .comment       0x00000043        0x0 ./Core/Src/main.o
                                 0x44 (size before relaxing)
 .comment       0x00000043        0x0 ./Core/Src/stm32h7xx_hal_msp.o
                                 0x44 (size before relaxing)
 .comment       0x00000043        0x0 ./Core/Src/stm32h7xx_it.o
                                 0x44 (size before relaxing)
 .comment       0x00000043        0x0 ./Core/Src/system_stm32h7xx.o
                                 0x44 (size before relaxing)
 .comment       0x00000043        0x0 ./Core/Src/tim.o
                                 0x44 (size before relaxing)
 .comment       0x00000043        0x0 ./Core/Src/usart.o
                                 0x44 (size before relaxing)
 .comment       0x00000043        0x0 ./Drivers/STM32H7xx_HAL_Driver/Src/stm32h7xx_hal.o
                                 0x44 (size before relaxing)
 .comment       0x00000043        0x0 ./Drivers/STM32H7xx_HAL_Driver/Src/stm32h7xx_hal_cortex.o
                                 0x44 (size before relaxing)
 .comment       0x00000043        0x0 ./Drivers/STM32H7xx_HAL_Driver/Src/stm32h7xx_hal_dma.o
                                 0x44 (size before relaxing)
 .comment       0x00000043        0x0 ./Drivers/STM32H7xx_HAL_Driver/Src/stm32h7xx_hal_fdcan.o
                                 0x44 (size before relaxing)
 .comment       0x00000043        0x0 ./Drivers/STM32H7xx_HAL_Driver/Src/stm32h7xx_hal_gpio.o
                                 0x44 (size before relaxing)
 .comment       0x00000043        0x0 ./Drivers/STM32H7xx_HAL_Driver/Src/stm32h7xx_hal_iwdg.o
                                 0x44 (size before relaxing)
 .comment       0x00000043        0x0 ./Drivers/STM32H7xx_HAL_Driver/Src/stm32h7xx_hal_pwr_ex.o
                                 0x44 (size before relaxing)
 .comment       0x00000043        0x0 ./Drivers/STM32H7xx_HAL_Driver/Src/stm32h7xx_hal_rcc.o
                                 0x44 (size before relaxing)
 .comment       0x00000043        0x0 ./Drivers/STM32H7xx_HAL_Driver/Src/stm32h7xx_hal_rcc_ex.o
                                 0x44 (size before relaxing)
 .comment       0x00000043        0x0 ./Drivers/STM32H7xx_HAL_Driver/Src/stm32h7xx_hal_tim.o
                                 0x44 (size before relaxing)
 .comment       0x00000043        0x0 ./Drivers/STM32H7xx_HAL_Driver/Src/stm32h7xx_hal_tim_ex.o
                                 0x44 (size before relaxing)
 .comment       0x00000043        0x0 ./Drivers/STM32H7xx_HAL_Driver/Src/stm32h7xx_hal_uart.o
                                 0x44 (size before relaxing)
 .comment       0x00000043        0x0 ./Drivers/STM32H7xx_HAL_Driver/Src/stm32h7xx_hal_uart_ex.o
                                 0x44 (size before relaxing)
 .comment       0x00000043        0x0 ./User/Pcan_driver/can.o
                                 0x44 (size before relaxing)
 .comment       0x00000043        0x0 ./User/User.o
                                 0x44 (size before relaxing)

.debug_frame    0x00000000     0x5cc4
 .debug_frame   0x00000000       0x34 ./Core/Src/dma.o
 .debug_frame   0x00000034       0x90 ./Core/Src/fdcan.o
 .debug_frame   0x000000c4       0x38 ./Core/Src/gpio.o
 .debug_frame   0x000000fc       0x2c ./Core/Src/iwdg.o
 .debug_frame   0x00000128       0xb0 ./Core/Src/main.o
 .debug_frame   0x000001d8       0x38 ./Core/Src/stm32h7xx_hal_msp.o
 .debug_frame   0x00000210      0x1ac ./Core/Src/stm32h7xx_it.o
 .debug_frame   0x000003bc       0x78 ./Core/Src/system_stm32h7xx.o
 .debug_frame   0x00000434       0x74 ./Core/Src/tim.o
 .debug_frame   0x000004a8       0x78 ./Core/Src/usart.o
 .debug_frame   0x00000520      0x760 ./Drivers/STM32H7xx_HAL_Driver/Src/stm32h7xx_hal.o
 .debug_frame   0x00000c80      0x508 ./Drivers/STM32H7xx_HAL_Driver/Src/stm32h7xx_hal_cortex.o
 .debug_frame   0x00001188      0x2b4 ./Drivers/STM32H7xx_HAL_Driver/Src/stm32h7xx_hal_dma.o
 .debug_frame   0x0000143c      0xf9c ./Drivers/STM32H7xx_HAL_Driver/Src/stm32h7xx_hal_fdcan.o
 .debug_frame   0x000023d8      0x14c ./Drivers/STM32H7xx_HAL_Driver/Src/stm32h7xx_hal_gpio.o
 .debug_frame   0x00002524       0x5c ./Drivers/STM32H7xx_HAL_Driver/Src/stm32h7xx_hal_iwdg.o
 .debug_frame   0x00002580      0x540 ./Drivers/STM32H7xx_HAL_Driver/Src/stm32h7xx_hal_pwr_ex.o
 .debug_frame   0x00002ac0      0x1fc ./Drivers/STM32H7xx_HAL_Driver/Src/stm32h7xx_hal_rcc.o
 .debug_frame   0x00002cbc      0x414 ./Drivers/STM32H7xx_HAL_Driver/Src/stm32h7xx_hal_rcc_ex.o
 .debug_frame   0x000030d0     0x121c ./Drivers/STM32H7xx_HAL_Driver/Src/stm32h7xx_hal_tim.o
 .debug_frame   0x000042ec      0x724 ./Drivers/STM32H7xx_HAL_Driver/Src/stm32h7xx_hal_tim_ex.o
 .debug_frame   0x00004a10      0xa94 ./Drivers/STM32H7xx_HAL_Driver/Src/stm32h7xx_hal_uart.o
 .debug_frame   0x000054a4      0x2c0 ./Drivers/STM32H7xx_HAL_Driver/Src/stm32h7xx_hal_uart_ex.o
 .debug_frame   0x00005764      0x38c ./User/Pcan_driver/can.o
 .debug_frame   0x00005af0      0x100 ./User/User.o
 .debug_frame   0x00005bf0       0x20 D:/ST/STM32CubeIDE_2.0.0/STM32CubeIDE/plugins/com.st.stm32cube.ide.mcu.externaltools.gnu-tools-for-stm32.13.3.rel1.win32_1.0.100.202509120712/tools/bin/../lib/gcc/arm-none-eabi/13.3.1/../../../../arm-none-eabi/lib/thumb/v7e-m+dp/hard\libc_nano.a(libc_a-memset.o)
 .debug_frame   0x00005c10       0x2c D:/ST/STM32CubeIDE_2.0.0/STM32CubeIDE/plugins/com.st.stm32cube.ide.mcu.externaltools.gnu-tools-for-stm32.13.3.rel1.win32_1.0.100.202509120712/tools/bin/../lib/gcc/arm-none-eabi/13.3.1/../../../../arm-none-eabi/lib/thumb/v7e-m+dp/hard\libc_nano.a(libc_a-init.o)
 .debug_frame   0x00005c3c       0x28 D:/ST/STM32CubeIDE_2.0.0/STM32CubeIDE/plugins/com.st.stm32cube.ide.mcu.externaltools.gnu-tools-for-stm32.13.3.rel1.win32_1.0.100.202509120712/tools/bin/../lib/gcc/arm-none-eabi/13.3.1/../../../../arm-none-eabi/lib/thumb/v7e-m+dp/hard\libc_nano.a(libc_a-memcpy-stub.o)
 .debug_frame   0x00005c64       0x2c D:/ST/STM32CubeIDE_2.0.0/STM32CubeIDE/plugins/com.st.stm32cube.ide.mcu.externaltools.gnu-tools-for-stm32.13.3.rel1.win32_1.0.100.202509120712/tools/bin/../lib/gcc/arm-none-eabi/13.3.1/thumb/v7e-m+dp/hard\libgcc.a(_aeabi_uldivmod.o)
 .debug_frame   0x00005c90       0x34 D:/ST/STM32CubeIDE_2.0.0/STM32CubeIDE/plugins/com.st.stm32cube.ide.mcu.externaltools.gnu-tools-for-stm32.13.3.rel1.win32_1.0.100.202509120712/tools/bin/../lib/gcc/arm-none-eabi/13.3.1/thumb/v7e-m+dp/hard\libgcc.a(_udivmoddi4.o)

.debug_line_str
                0x00000000       0x59
 .debug_line_str
                0x00000000       0x59 ./Core/Startup/startup_stm32h723vgtx.o
