../User/Pcan_driver/can.c:60:16:dlc_to_len	16	static
../User/Pcan_driver/can.c:66:17:len_to_dlc	16	static
../User/Pcan_driver/can.c:103:13:can_rx_proc	256	static
../User/Pcan_driver/can.c:147:10:FDCAN1_Send_Msgs	24	static
../User/Pcan_driver/can.c:163:13:can_tx_proc	56	static
../User/Pcan_driver/can.c:213:13:can_state_reset	4	static
../User/Pcan_driver/can.c:224:6:can_process	8	static
../User/Pcan_driver/can.c:234:5:can_send	16	static
../User/Pcan_driver/can.c:251:6:FDCAN_Filter_Init	56	static
../User/Pcan_driver/can.c:290:5:fdcan_config	40	static
../User/Pcan_driver/can.c:394:5:can_connect	16	static
../User/Pcan_driver/can.c:419:5:can_unconnect	16	static
../User/Pcan_driver/can.c:438:6:HAL_FDCAN_ErrorStatusCallback	16	static
../User/Pcan_driver/can.c:443:6:HAL_FDCAN_ErrorCallback	16	static
../User/Pcan_driver/can.c:448:5:can_set_filter_mask	24	static
../User/Pcan_driver/can.c:455:6:can_install_rx_callback	16	static
../User/Pcan_driver/can.c:467:6:can_install_tx_callback	16	static
../User/Pcan_driver/can.c:472:6:can_install_err_callback	16	static
../User/Pcan_driver/can.c:477:6:can_set_silent	16	static
../User/Pcan_driver/can.c:484:6:can_set_iso_mode	16	static
../User/Pcan_driver/can.c:489:6:can_set_loopback	16	static
../User/Pcan_driver/can.c:494:6:can_set_bus_active	16	static
../User/Pcan_driver/can.c:507:6:can_set_bitrate	24	static
