../User/Pcan_driver/pcanpro_fd_protocol.c:92:7:pcan_data_alloc_buffer	24	static
../User/Pcan_driver/pcanpro_fd_protocol.c:128:9:pcan_protocol_device_setup	16	static
../User/Pcan_driver/pcanpro_fd_protocol.c:202:6:pcan_ep0_receive	8	static
../User/Pcan_driver/pcanpro_fd_protocol.c:216:24:can_msg_time	24	static
../User/Pcan_driver/pcanpro_fd_protocol.c:227:6:pcan_protocol_rx_frame	40	static
../User/Pcan_driver/pcanpro_fd_protocol.c:294:6:pcan_protocol_tx_frame_cb	32	static
../User/Pcan_driver/pcanpro_fd_protocol.c:307:5:pcan_protocol_tx_frame	56	static
../User/Pcan_driver/pcanpro_fd_protocol.c:365:12:pcan_protocol_send_status	24	static
../User/Pcan_driver/pcanpro_fd_protocol.c:377:5:pcan_protocol_set_baudrate	32	static
../User/Pcan_driver/pcanpro_fd_protocol.c:403:13:pcan_protocol_process_cmd	72	static
../User/Pcan_driver/pcanpro_fd_protocol.c:583:6:pcan_protocol_process_data	24	static
../User/Pcan_driver/pcanpro_fd_protocol.c:670:6:pcan_protocol_init	8	static
../User/Pcan_driver/pcanpro_fd_protocol.c:680:6:pcan_protocol_poll	48	static
